Component: ARM Compiler 5.06 update 5 (build 528) Tool: armlink [4d35e2]

==============================================================================

Section Cross References

    startup_stm32f407xx.o(RESET) refers to startup_stm32f407xx.o(STACK) for __initial_sp
    startup_stm32f407xx.o(RESET) refers to startup_stm32f407xx.o(.text) for Reset_Handler
    startup_stm32f407xx.o(RESET) refers to stm32f4xx_it.o(i.NMI_Handler) for NMI_Handler
    startup_stm32f407xx.o(RESET) refers to stm32f4xx_it.o(i.HardFault_Handler) for HardFault_Handler
    startup_stm32f407xx.o(RESET) refers to stm32f4xx_it.o(i.MemManage_Handler) for MemManage_Handler
    startup_stm32f407xx.o(RESET) refers to stm32f4xx_it.o(i.BusFault_Handler) for BusFault_Handler
    startup_stm32f407xx.o(RESET) refers to stm32f4xx_it.o(i.UsageFault_Handler) for UsageFault_Handler
    startup_stm32f407xx.o(RESET) refers to stm32f4xx_it.o(i.SVC_Handler) for SVC_Handler
    startup_stm32f407xx.o(RESET) refers to stm32f4xx_it.o(i.DebugMon_Handler) for DebugMon_Handler
    startup_stm32f407xx.o(RESET) refers to stm32f4xx_it.o(i.PendSV_Handler) for PendSV_Handler
    startup_stm32f407xx.o(RESET) refers to stm32f4xx_it.o(i.SysTick_Handler) for SysTick_Handler
    startup_stm32f407xx.o(RESET) refers to stm32f4xx_it.o(i.DMA1_Stream2_IRQHandler) for DMA1_Stream2_IRQHandler
    startup_stm32f407xx.o(RESET) refers to stm32f4xx_it.o(i.DMA1_Stream4_IRQHandler) for DMA1_Stream4_IRQHandler
    startup_stm32f407xx.o(RESET) refers to stm32f4xx_it.o(i.TIM3_IRQHandler) for TIM3_IRQHandler
    startup_stm32f407xx.o(RESET) refers to stm32f4xx_it.o(i.TIM4_IRQHandler) for TIM4_IRQHandler
    startup_stm32f407xx.o(RESET) refers to stm32f4xx_it.o(i.EXTI15_10_IRQHandler) for EXTI15_10_IRQHandler
    startup_stm32f407xx.o(RESET) refers to stm32f4xx_it.o(i.TIM8_TRG_COM_TIM14_IRQHandler) for TIM8_TRG_COM_TIM14_IRQHandler
    startup_stm32f407xx.o(RESET) refers to stm32f4xx_it.o(i.TIM5_IRQHandler) for TIM5_IRQHandler
    startup_stm32f407xx.o(RESET) refers to stm32f4xx_it.o(i.UART4_IRQHandler) for UART4_IRQHandler
    startup_stm32f407xx.o(.text) refers to system_stm32f4xx_1.o(i.SystemInit) for SystemInit
    startup_stm32f407xx.o(.text) refers to entry.o(.ARM.Collect$$$$00000000) for __main
    system_stm32f4xx_1.o(i.SystemCoreClockUpdate) refers to system_stm32f4xx_1.o(.data) for .data
    system_stm32f4xx_1.o(i.SystemCoreClockUpdate) refers to system_stm32f4xx_1.o(.constdata) for .constdata
    stm32f4xx_hal_tim.o(i.HAL_TIM_Base_DeInit) refers to stm32f4xx_hal_msp.o(i.HAL_TIM_Base_MspDeInit) for HAL_TIM_Base_MspDeInit
    stm32f4xx_hal_tim.o(i.HAL_TIM_Base_Init) refers to stm32f4xx_hal_msp.o(i.HAL_TIM_Base_MspInit) for HAL_TIM_Base_MspInit
    stm32f4xx_hal_tim.o(i.HAL_TIM_Base_Init) refers to stm32f4xx_hal_tim.o(i.TIM_Base_SetConfig) for TIM_Base_SetConfig
    stm32f4xx_hal_tim.o(i.HAL_TIM_Base_Start_DMA) refers to stm32f4xx_hal_dma.o(i.HAL_DMA_Start_IT) for HAL_DMA_Start_IT
    stm32f4xx_hal_tim.o(i.HAL_TIM_Base_Start_DMA) refers to stm32f4xx_hal_tim.o(i.TIM_DMAPeriodElapsedCplt) for TIM_DMAPeriodElapsedCplt
    stm32f4xx_hal_tim.o(i.HAL_TIM_Base_Start_DMA) refers to stm32f4xx_hal_tim.o(i.TIM_DMAError) for TIM_DMAError
    stm32f4xx_hal_tim.o(i.HAL_TIM_ConfigClockSource) refers to stm32f4xx_hal_tim.o(i.TIM_ETR_SetConfig) for TIM_ETR_SetConfig
    stm32f4xx_hal_tim.o(i.HAL_TIM_ConfigClockSource) refers to stm32f4xx_hal_tim.o(i.TIM_TI1_ConfigInputStage) for TIM_TI1_ConfigInputStage
    stm32f4xx_hal_tim.o(i.HAL_TIM_ConfigClockSource) refers to stm32f4xx_hal_tim.o(i.TIM_ITRx_SetConfig) for TIM_ITRx_SetConfig
    stm32f4xx_hal_tim.o(i.HAL_TIM_ConfigClockSource) refers to stm32f4xx_hal_tim.o(i.TIM_TI2_ConfigInputStage) for TIM_TI2_ConfigInputStage
    stm32f4xx_hal_tim.o(i.HAL_TIM_ConfigOCrefClear) refers to stm32f4xx_hal_tim.o(i.TIM_ETR_SetConfig) for TIM_ETR_SetConfig
    stm32f4xx_hal_tim.o(i.HAL_TIM_DMABurst_ReadStart) refers to stm32f4xx_hal_dma.o(i.HAL_DMA_Start_IT) for HAL_DMA_Start_IT
    stm32f4xx_hal_tim.o(i.HAL_TIM_DMABurst_ReadStart) refers to stm32f4xx_hal_tim.o(i.TIM_DMAError) for TIM_DMAError
    stm32f4xx_hal_tim.o(i.HAL_TIM_DMABurst_ReadStart) refers to stm32f4xx_hal_tim.o(i.TIM_DMACaptureCplt) for TIM_DMACaptureCplt
    stm32f4xx_hal_tim.o(i.HAL_TIM_DMABurst_ReadStart) refers to stm32f4xx_hal_tim.o(i.TIM_DMAPeriodElapsedCplt) for TIM_DMAPeriodElapsedCplt
    stm32f4xx_hal_tim.o(i.HAL_TIM_DMABurst_ReadStart) refers to stm32f4xx_hal_tim_ex.o(i.TIMEx_DMACommutationCplt) for TIMEx_DMACommutationCplt
    stm32f4xx_hal_tim.o(i.HAL_TIM_DMABurst_ReadStart) refers to stm32f4xx_hal_tim.o(i.TIM_DMATriggerCplt) for TIM_DMATriggerCplt
    stm32f4xx_hal_tim.o(i.HAL_TIM_DMABurst_ReadStop) refers to stm32f4xx_hal_dma.o(i.HAL_DMA_Abort) for HAL_DMA_Abort
    stm32f4xx_hal_tim.o(i.HAL_TIM_DMABurst_WriteStart) refers to stm32f4xx_hal_dma.o(i.HAL_DMA_Start_IT) for HAL_DMA_Start_IT
[...]
    .ARM.Collect$$$$00000000                 0x08000188   Section        0  entry.o(.ARM.Collect$$$$00000000)
    .ARM.Collect$$$$00000001                 0x08000188   Section        4  entry2.o(.ARM.Collect$$$$00000001)
    .ARM.Collect$$$$00000004                 0x0800018c   Section        4  entry5.o(.ARM.Collect$$$$00000004)
    .ARM.Collect$$$$00000008                 0x08000190   Section        0  entry7b.o(.ARM.Collect$$$$00000008)
    .ARM.Collect$$$$0000000A                 0x08000190   Section        0  entry8b.o(.ARM.Collect$$$$0000000A)
    .ARM.Collect$$$$0000000B                 0x08000190   Section        8  entry9a.o(.ARM.Collect$$$$0000000B)
    .ARM.Collect$$$$0000000D                 0x08000198   Section        0  entry10a.o(.ARM.Collect$$$$0000000D)
    .ARM.Collect$$$$0000000F                 0x08000198   Section        0  entry11a.o(.ARM.Collect$$$$0000000F)
    .ARM.Collect$$$$00002712                 0x08000198   Section        4  entry2.o(.ARM.Collect$$$$00002712)
    __lit__00000000                          0x08000198   Data           4  entry2.o(.ARM.Collect$$$$00002712)
    .text                                    0x0800019c   Section       36  startup_stm32f407xx.o(.text)
    $v0                                      0x0800019c   Number         0  startup_stm32f407xx.o(.text)
    .text                                    0x080001c0   Section        0  uldiv.o(.text)
    .text                                    0x08000222   Section        0  memcpya.o(.text)
    .text                                    0x08000246   Section        0  strlen.o(.text)
    .text                                    0x08000254   Section        0  ffltl.o(.text)
    .text                                    0x08000280   Section        0  llshl.o(.text)
    .text                                    0x0800029e   Section        0  llushr.o(.text)
    .text                                    0x080002be   Section        0  iusefp.o(.text)
    .text                                    0x080002be   Section        0  fepilogue.o(.text)
    .text                                    0x0800032c   Section       36  init.o(.text)
    i.BusFault_Handler                       0x08000350   Section        0  stm32f4xx_it.o(i.BusFault_Handler)
    i.Calib_Home                             0x08000354   Section        0  main.o(i.Calib_Home)
    i.CleanupDecoder                         0x080003f0   Section        0  steppercommands.o(i.CleanupDecoder)
    i.DMA1_Stream2_IRQHandler                0x08000414   Section        0  stm32f4xx_it.o(i.DMA1_Stream2_IRQHandler)
    i.DMA1_Stream4_IRQHandler                0x08000420   Section        0  stm32f4xx_it.o(i.DMA1_Stream4_IRQHandler)
    i.DMA_CalcBaseAndBitshift                0x0800042c   Section        0  stm32f4xx_hal_dma.o(i.DMA_CalcBaseAndBitshift)
    DMA_CalcBaseAndBitshift                  0x0800042d   Thumb Code    38  stm32f4xx_hal_dma.o(i.DMA_CalcBaseAndBitshift)
    i.DMA_CheckFifoParam                     0x08000458   Section        0  stm32f4xx_hal_dma.o(i.DMA_CheckFifoParam)
    DMA_CheckFifoParam                       0x08000459   Thumb Code   120  stm32f4xx_hal_dma.o(i.DMA_CheckFifoParam)
    i.DMA_SetConfig                          0x080004d0   Section        0  stm32f4xx_hal_dma.o(i.DMA_SetConfig)
    DMA_SetConfig                            0x080004d1   Thumb Code    42  stm32f4xx_hal_dma.o(i.DMA_SetConfig)
    i.DebugMon_Handler                       0x080004fa   Section        0  stm32f4xx_it.o(i.DebugMon_Handler)
    i.Decode                                 0x080004fc   Section        0  steppercommands.o(i.Decode)
    i.DecodeCmd                              0x08000530   Section        0  steppercommands.o(i.DecodeCmd)
    i.DecodeParam                            0x080005ec   Section        0  steppercommands.o(i.DecodeParam)
    i.DecodeStepper                          0x080006c8   Section        0  steppercommands.o(i.DecodeStepper)
    i.DecodeValue                            0x08000700   Section        0  steppercommands.o(i.DecodeValue)
    i.DecrementSPS                           0x080007b4   Section        0  steppercontroller.o(i.DecrementSPS)
    i.EXTI15_10_IRQHandler                   0x080007ca   Section        0  stm32f4xx_it.o(i.EXTI15_10_IRQHandler)
    i.ExecuteController                      0x080007e0   Section        0  steppercontroller.o(i.ExecuteController)
    i.ExecuteRequest                         0x08000924   Section        0  steppercommands.o(i.ExecuteRequest)
    i.FLASH_Erase_Sector                     0x08000c8c   Section        0  stm32f4xx_hal_flash_ex.o(i.FLASH_Erase_Sector)
    i.FLASH_Program_Byte                     0x08000cdc   Section        0  stm32f4xx_hal_flash.o(i.FLASH_Program_Byte)
    FLASH_Program_Byte                       0x08000cdd   Thumb Code    26  stm32f4xx_hal_flash.o(i.FLASH_Program_Byte)
    i.FLASH_Program_DoubleWord               0x08000cfc   Section        0  stm32f4xx_hal_flash.o(i.FLASH_Program_DoubleWord)
    FLASH_Program_DoubleWord                 0x08000cfd   Thumb Code    34  stm32f4xx_hal_flash.o(i.FLASH_Program_DoubleWord)
    i.FLASH_Program_HalfWord                 0x08000d24   Section        0  stm32f4xx_hal_flash.o(i.FLASH_Program_HalfWord)
    FLASH_Program_HalfWord                   0x08000d25   Thumb Code    30  stm32f4xx_hal_flash.o(i.FLASH_Program_HalfWord)
    i.FLASH_Program_Word                     0x08000d48   Section        0  stm32f4xx_hal_flash.o(i.FLASH_Program_Word)
    FLASH_Program_Word                       0x08000d49   Thumb Code    30  stm32f4xx_hal_flash.o(i.FLASH_Program_Word)
    i.FLASH_SetErrorCode                     0x08000d6c   Section        0  stm32f4xx_hal_flash.o(i.FLASH_SetErrorCode)
    FLASH_SetErrorCode                       0x08000d6d   Thumb Code    96  stm32f4xx_hal_flash.o(i.FLASH_SetErrorCode)
    i.FLASH_WaitForLastOperation             0x08000dd4   Section        0  stm32f4xx_hal_flash.o(i.FLASH_WaitForLastOperation)
    i.GetParamValue                          0x08000e28   Section        0  steppercommands.o(i.GetParamValue)
    i.GetState                               0x08000e60   Section        0  steppercontroller.o(i.GetState)
    i.GetStepDirectionUnit                   0x08000e90   Section        0  steppercontroller.o(i.GetStepDirectionUnit)
    i.GetStepsToTarget                       0x08000ea2   Section        0  steppercontroller.o(i.GetStepsToTarget)
    i.Grap_object                            0x08000ecc   Section        0  main.o(i.Grap_object)
    i.HAL_DMA_Abort_IT                       0x08000efc   Section        0  stm32f4xx_hal_dma.o(i.HAL_DMA_Abort_IT)
    i.HAL_DMA_IRQHandler                     0x08000f20   Section        0  stm32f4xx_hal_dma.o(i.HAL_DMA_IRQHandler)
    i.HAL_DMA_Init                           0x080010f0   Section        0  stm32f4xx_hal_dma.o(i.HAL_DMA_Init)
    i.HAL_DMA_Start_IT                       0x080011c4   Section        0  stm32f4xx_hal_dma.o(i.HAL_DMA_Start_IT)
    i.HAL_Delay                              0x0800123c   Section        0  stm32f4xx_hal.o(i.HAL_Delay)
    i.HAL_FLASH_Lock                         0x08001260   Section        0  stm32f4xx_hal_flash.o(i.HAL_FLASH_Lock)
    i.HAL_FLASH_Program                      0x08001274   Section        0  stm32f4xx_hal_flash.o(i.HAL_FLASH_Program)
    i.HAL_FLASH_Unlock                       0x080012f0   Section        0  stm32f4xx_hal_flash.o(i.HAL_FLASH_Unlock)
    i.HAL_GPIO_EXTI_Callback                 0x0800131c   Section        0  main.o(i.HAL_GPIO_EXTI_Callback)
    i.HAL_GPIO_EXTI_IRQHandler               0x0800136c   Section        0  stm32f4xx_hal_gpio.o(i.HAL_GPIO_EXTI_IRQHandler)
    i.HAL_GPIO_Init                          0x08001384   Section        0  stm32f4xx_hal_gpio.o(i.HAL_GPIO_Init)
    i.HAL_GPIO_ReadPin                       0x08001548   Section        0  stm32f4xx_hal_gpio.o(i.HAL_GPIO_ReadPin)
    i.HAL_GPIO_WritePin                      0x08001556   Section        0  stm32f4xx_hal_gpio.o(i.HAL_GPIO_WritePin)
    i.HAL_GetTick                            0x08001564   Section        0  stm32f4xx_hal.o(i.HAL_GetTick)
    i.HAL_IncTick                            0x08001570   Section        0  stm32f4xx_hal.o(i.HAL_IncTick)
    i.HAL_Init                               0x08001580   Section        0  stm32f4xx_hal.o(i.HAL_Init)
    i.HAL_InitTick                           0x080015b4   Section        0  stm32f4xx_hal.o(i.HAL_InitTick)
    i.HAL_MspInit                            0x080015f8   Section        0  stm32f4xx_hal_msp.o(i.HAL_MspInit)
    i.HAL_NVIC_EnableIRQ                     0x08001650   Section        0  stm32f4xx_hal_cortex.o(i.HAL_NVIC_EnableIRQ)
    i.HAL_NVIC_SetPriority                   0x08001668   Section        0  stm32f4xx_hal_cortex.o(i.HAL_NVIC_SetPriority)
    i.HAL_NVIC_SetPriorityGrouping           0x080016a8   Section        0  stm32f4xx_hal_cortex.o(i.HAL_NVIC_SetPriorityGrouping)
    i.HAL_RCC_ClockConfig                    0x080016cc   Section        0  stm32f4xx_hal_rcc.o(i.HAL_RCC_ClockConfig)
    i.HAL_RCC_GetHCLKFreq                    0x08001810   Section        0  stm32f4xx_hal_rcc.o(i.HAL_RCC_GetHCLKFreq)
    i.HAL_RCC_GetPCLK1Freq                   0x0800181c   Section        0  stm32f4xx_hal_rcc.o(i.HAL_RCC_GetPCLK1Freq)
    i.HAL_RCC_GetPCLK2Freq                   0x0800183c   Section        0  stm32f4xx_hal_rcc.o(i.HAL_RCC_GetPCLK2Freq)
    i.HAL_RCC_GetSysClockFreq                0x0800185c   Section        0  stm32f4xx_hal_rcc.o(i.HAL_RCC_GetSysClockFreq)
    i.HAL_RCC_OscConfig                      0x080018c4   Section        0  stm32f4xx_hal_rcc.o(i.HAL_RCC_OscConfig)
    i.HAL_SYSTICK_CLKSourceConfig            0x08001c54   Section        0  stm32f4xx_hal_cortex.o(i.HAL_SYSTICK_CLKSourceConfig)
    i.HAL_SYSTICK_Callback                   0x08001c70   Section        0  stm32f4xx_hal_cortex.o(i.HAL_SYSTICK_Callback)
    i.HAL_SYSTICK_Config                     0x08001c72   Section        0  stm32f4xx_hal_cortex.o(i.HAL_SYSTICK_Config)
    i.HAL_SYSTICK_IRQHandler                 0x08001c9a   Section        0  stm32f4xx_hal_cortex.o(i.HAL_SYSTICK_IRQHandler)
    i.HAL_TIMEx_BreakCallback                0x08001ca2   Section        0  stm32f4xx_hal_tim_ex.o(i.HAL_TIMEx_BreakCallback)
    i.HAL_TIMEx_CommutationCallback          0x08001ca4   Section        0  stm32f4xx_hal_tim_ex.o(i.HAL_TIMEx_CommutationCallback)
    i.HAL_TIMEx_MasterConfigSynchronization  0x08001ca6   Section        0  stm32f4xx_hal_tim_ex.o(i.HAL_TIMEx_MasterConfigSynchronization)
    i.HAL_TIM_Base_Init                      0x08001cf6   Section        0  stm32f4xx_hal_tim.o(i.HAL_TIM_Base_Init)
    i.HAL_TIM_Base_MspInit                   0x08001d30   Section        0  stm32f4xx_hal_msp.o(i.HAL_TIM_Base_MspInit)
    i.HAL_TIM_Base_Start_IT                  0x08001e10   Section        0  stm32f4xx_hal_tim.o(i.HAL_TIM_Base_Start_IT)
    i.HAL_TIM_ConfigClockSource              0x08001e28   Section        0  stm32f4xx_hal_tim.o(i.HAL_TIM_ConfigClockSource)
    i.HAL_TIM_IC_CaptureCallback             0x08001f36   Section        0  stm32f4xx_hal_tim.o(i.HAL_TIM_IC_CaptureCallback)
    i.HAL_TIM_IRQHandler                     0x08001f38   Section        0  stm32f4xx_hal_tim.o(i.HAL_TIM_IRQHandler)
    i.HAL_TIM_MspPostInit                    0x080020a8   Section        0  stm32f4xx_hal_msp.o(i.HAL_TIM_MspPostInit)
    i.HAL_TIM_OC_DelayElapsedCallback        0x08002140   Section        0  stm32f4xx_hal_tim.o(i.HAL_TIM_OC_DelayElapsedCallback)
    i.HAL_TIM_PWM_ConfigChannel              0x08002142   Section        0  stm32f4xx_hal_tim.o(i.HAL_TIM_PWM_ConfigChannel)
    i.HAL_TIM_PWM_Init                       0x0800221c   Section        0  stm32f4xx_hal_tim.o(i.HAL_TIM_PWM_Init)
    i.HAL_TIM_PWM_MspInit                    0x08002254   Section        0  stm32f4xx_hal_tim.o(i.HAL_TIM_PWM_MspInit)
    i.HAL_TIM_PWM_PulseFinishedCallback      0x08002256   Section        0  stm32f4xx_hal_tim.o(i.HAL_TIM_PWM_PulseFinishedCallback)
    i.HAL_TIM_PWM_Start                      0x08002258   Section        0  stm32f4xx_hal_tim.o(i.HAL_TIM_PWM_Start)
    i.HAL_TIM_PWM_Stop                       0x08002290   Section        0  stm32f4xx_hal_tim.o(i.HAL_TIM_PWM_Stop)
    i.HAL_TIM_PeriodElapsedCallback          0x080022ec   Section        0  stm32f4xx_hal_tim.o(i.HAL_TIM_PeriodElapsedCallback)
    i.HAL_TIM_TriggerCallback                0x080022ee   Section        0  stm32f4xx_hal_tim.o(i.HAL_TIM_TriggerCallback)
    i.HAL_UART_ErrorCallback                 0x080022f0   Section        0  stm32f4xx_hal_uart.o(i.HAL_UART_ErrorCallback)
    i.HAL_UART_IRQHandler                    0x080022f4   Section        0  stm32f4xx_hal_uart.o(i.HAL_UART_IRQHandler)
    i.HAL_UART_Init                          0x08002404   Section        0  stm32f4xx_hal_uart.o(i.HAL_UART_Init)
    i.HAL_UART_MspInit                       0x08002468   Section        0  stm32f4xx_hal_msp.o(i.HAL_UART_MspInit)
    i.HAL_UART_Receive_DMA                   0x0800255c   Section        0  stm32f4xx_hal_uart.o(i.HAL_UART_Receive_DMA)
    i.HAL_UART_RxCpltCallback                0x080025f8   Section        0  serial.o(i.HAL_UART_RxCpltCallback)
    i.HAL_UART_RxHalfCpltCallback            0x0800263c   Section        0  stm32f4xx_hal_uart.o(i.HAL_UART_RxHalfCpltCallback)
    i.HAL_UART_Transmit_DMA                  0x08002640   Section        0  stm32f4xx_hal_uart.o(i.HAL_UART_Transmit_DMA)
    i.HAL_UART_TxCpltCallback                0x080026cc   Section        0  serial.o(i.HAL_UART_TxCpltCallback)
    i.HAL_UART_TxHalfCpltCallback            0x08002738   Section        0  stm32f4xx_hal_uart.o(i.HAL_UART_TxHalfCpltCallback)
    i.HardFault_Handler                      0x0800273a   Section        0  stm32f4xx_it.o(i.HardFault_Handler)
    i.IncrementSPS                           0x0800273c   Section        0  steppercontroller.o(i.IncrementSPS)
    i.MX_DMA_Init                            0x08002754   Section        0  main.o(i.MX_DMA_Init)
    MX_DMA_Init                              0x08002755   Thumb Code    56  main.o(i.MX_DMA_Init)
    i.MX_GPIO_Init                           0x08002790   Section        0  main.o(i.MX_GPIO_Init)
    MX_GPIO_Init                             0x08002791   Thumb Code   230  main.o(i.MX_GPIO_Init)
    i.MX_TIM12_Init                          0x08002890   Section        0  main.o(i.MX_TIM12_Init)
    MX_TIM12_Init                            0x08002891   Thumb Code   150  main.o(i.MX_TIM12_Init)
    i.MX_TIM14_Init                          0x08002940   Section        0  main.o(i.MX_TIM14_Init)
    MX_TIM14_Init                            0x08002941   Thumb Code    42  main.o(i.MX_TIM14_Init)
    i.MX_TIM3_Init                           0x08002984   Section        0  main.o(i.MX_TIM3_Init)
    MX_TIM3_Init                             0x08002985   Thumb Code   154  main.o(i.MX_TIM3_Init)
    i.MX_TIM4_Init                           0x08002a38   Section        0  main.o(i.MX_TIM4_Init)
    MX_TIM4_Init                             0x08002a39   Thumb Code   154  main.o(i.MX_TIM4_Init)
    i.MX_TIM5_Init                           0x08002aec   Section        0  main.o(i.MX_TIM5_Init)
    MX_TIM5_Init                             0x08002aed   Thumb Code   154  main.o(i.MX_TIM5_Init)
    i.MX_UART4_Init                          0x08002ba0   Section        0  main.o(i.MX_UART4_Init)
    MX_UART4_Init                            0x08002ba1   Thumb Code    50  main.o(i.MX_UART4_Init)
    i.MemManage_Handler                      0x08002bec   Section        0  stm32f4xx_it.o(i.MemManage_Handler)
    i.NMI_Handler                            0x08002bee   Section        0  stm32f4xx_it.o(i.NMI_Handler)
    i.NVIC_SetPriority                       0x08002bf0   Section        0  stm32f4xx_hal_cortex.o(i.NVIC_SetPriority)
    NVIC_SetPriority                         0x08002bf1   Thumb Code    32  stm32f4xx_hal_cortex.o(i.NVIC_SetPriority)
    i.PendSV_Handler                         0x08002c10   Section        0  stm32f4xx_it.o(i.PendSV_Handler)
    i.PrintStepperStatusStr                  0x08002c14   Section        0  steppercommands.o(i.PrintStepperStatusStr)
    i.SVC_Handler                            0x08002ce0   Section        0  stm32f4xx_it.o(i.SVC_Handler)
    i.Serial_CheckRxTimeout                  0x08002ce4   Section        0  serial.o(i.Serial_CheckRxTimeout)
    i.Serial_ExecutePendingTransmits         0x08002d20   Section        0  serial.o(i.Serial_ExecutePendingTransmits)
    i.Serial_InitRxSequence                  0x08002da8   Section        0  serial.o(i.Serial_InitRxSequence)
    i.Serial_RxCallback                      0x08002de0   Section        0  steppercommands.o(i.Serial_RxCallback)
    i.SetAccelerationByMinSPS                0x08002de4   Section        0  steppercontroller.o(i.SetAccelerationByMinSPS)
    i.SetParamValue                          0x08002ea4   Section        0  steppercommands.o(i.SetParamValue)
    i.SetStepTimerByCurrentSPS               0x08002f44   Section        0  steppercontroller.o(i.SetStepTimerByCurrentSPS)
    i.Set_Home                               0x08002f9c   Section        0  main.o(i.Set_Home)
    i.Set_Orient                             0x08003028   Section        0  main.o(i.Set_Orient)
    i.Stepper_ExecuteAllControllers          0x08003060   Section        0  steppercontroller.o(i.Stepper_ExecuteAllControllers)
    i.Stepper_GetAccPrescaler                0x0800308c   Section        0  steppercontroller.o(i.Stepper_GetAccPrescaler)
    i.Stepper_GetAccSPS                      0x0800309c   Section        0  steppercontroller.o(i.Stepper_GetAccSPS)
    i.Stepper_GetCurrentPosition             0x080030ac   Section        0  steppercontroller.o(i.Stepper_GetCurrentPosition)
    i.Stepper_GetCurrentSPS                  0x080030bc   Section        0  steppercontroller.o(i.Stepper_GetCurrentSPS)
    i.Stepper_GetMaxSPS                      0x080030cc   Section        0  steppercontroller.o(i.Stepper_GetMaxSPS)
    i.Stepper_GetMinSPS                      0x080030dc   Section        0  steppercontroller.o(i.Stepper_GetMinSPS)
    i.Stepper_GetStatus                      0x080030ec   Section        0  steppercontroller.o(i.Stepper_GetStatus)
    i.Stepper_GetTargetPosition              0x080030fe   Section        0  steppercontroller.o(i.Stepper_GetTargetPosition)
    i.Stepper_InitDefaultState               0x08003110   Section        0  steppercontroller.o(i.Stepper_InitDefaultState)
    i.Stepper_LoadConfig                     0x08003180   Section        0  steppercontroller.o(i.Stepper_LoadConfig)
    i.Stepper_PulseTimerUpdate               0x080031c4   Section        0  steppercontroller.o(i.Stepper_PulseTimerUpdate)
    i.Stepper_SaveConfig                     0x0800327c   Section        0  steppercontroller.o(i.Stepper_SaveConfig)
    i.Stepper_SetAccPrescaler                0x080032fc   Section        0  steppercontroller.o(i.Stepper_SetAccPrescaler)
    i.Stepper_SetAccSPS                      0x08003332   Section        0  steppercontroller.o(i.Stepper_SetAccSPS)
    i.Stepper_SetCurrentPosition             0x08003374   Section        0  steppercontroller.o(i.Stepper_SetCurrentPosition)
    i.Stepper_SetMaxSPS                      0x08003396   Section        0  steppercontroller.o(i.Stepper_SetMaxSPS)
    i.Stepper_SetMinSPS                      0x080033f4   Section        0  steppercontroller.o(i.Stepper_SetMinSPS)
    i.Stepper_SetTargetPosition              0x08003456   Section        0  steppercontroller.o(i.Stepper_SetTargetPosition)
    i.Stepper_SetupPeripherals               0x0800346c   Section        0  steppercontroller.o(i.Stepper_SetupPeripherals)
    i.SysTick_Handler                        0x080034d4   Section        0  stm32f4xx_it.o(i.SysTick_Handler)
    i.SystemClock_Config                     0x080034e4   Section        0  main.o(i.SystemClock_Config)
    i.SystemInit                             0x080035a4   Section        0  system_stm32f4xx_1.o(i.SystemInit)
    i.TIM3_IRQHandler                        0x080035f8   Section        0  stm32f4xx_it.o(i.TIM3_IRQHandler)
    i.TIM4_IRQHandler                        0x08003624   Section        0  stm32f4xx_it.o(i.TIM4_IRQHandler)
    i.TIM5_IRQHandler                        0x08003650   Section        0  stm32f4xx_it.o(i.TIM5_IRQHandler)
    i.TIM8_TRG_COM_TIM14_IRQHandler          0x0800367c   Section        0  stm32f4xx_it.o(i.TIM8_TRG_COM_TIM14_IRQHandler)
    i.TIM_Base_SetConfig                     0x080036ac   Section        0  stm32f4xx_hal_tim.o(i.TIM_Base_SetConfig)
    i.TIM_CCxChannelCmd                      0x08003770   Section        0  stm32f4xx_hal_tim.o(i.TIM_CCxChannelCmd)
    i.TIM_ETR_SetConfig                      0x08003786   Section        0  stm32f4xx_hal_tim.o(i.TIM_ETR_SetConfig)
    TIM_ETR_SetConfig                        0x08003787   Thumb Code    20  stm32f4xx_hal_tim.o(i.TIM_ETR_SetConfig)
    i.TIM_ITRx_SetConfig                     0x0800379a   Section        0  stm32f4xx_hal_tim.o(i.TIM_ITRx_SetConfig)
    TIM_ITRx_SetConfig                       0x0800379b   Thumb Code    16  stm32f4xx_hal_tim.o(i.TIM_ITRx_SetConfig)
    i.TIM_OC1_SetConfig                      0x080037ac   Section        0  stm32f4xx_hal_tim.o(i.TIM_OC1_SetConfig)
    TIM_OC1_SetConfig                        0x080037ad   Thumb Code    88  stm32f4xx_hal_tim.o(i.TIM_OC1_SetConfig)
    i.TIM_OC2_SetConfig                      0x0800380c   Section        0  stm32f4xx_hal_tim.o(i.TIM_OC2_SetConfig)
    i.TIM_OC3_SetConfig                      0x08003878   Section        0  stm32f4xx_hal_tim.o(i.TIM_OC3_SetConfig)
    TIM_OC3_SetConfig                        0x08003879   Thumb Code    96  stm32f4xx_hal_tim.o(i.TIM_OC3_SetConfig)
    i.TIM_OC4_SetConfig                      0x080038e0   Section        0  stm32f4xx_hal_tim.o(i.TIM_OC4_SetConfig)
    TIM_OC4_SetConfig                        0x080038e1   Thumb Code    74  stm32f4xx_hal_tim.o(i.TIM_OC4_SetConfig)
    i.TIM_TI1_ConfigInputStage               0x08003934   Section        0  stm32f4xx_hal_tim.o(i.TIM_TI1_ConfigInputStage)
    TIM_TI1_ConfigInputStage                 0x08003935   Thumb Code    34  stm32f4xx_hal_tim.o(i.TIM_TI1_ConfigInputStage)
    i.TIM_TI2_ConfigInputStage               0x08003956   Section        0  stm32f4xx_hal_tim.o(i.TIM_TI2_ConfigInputStage)
    TIM_TI2_ConfigInputStage                 0x08003957   Thumb Code    36  stm32f4xx_hal_tim.o(i.TIM_TI2_ConfigInputStage)
    i.UART4_IRQHandler                       0x0800397c   Section        0  stm32f4xx_it.o(i.UART4_IRQHandler)
    i.UART_DMAAbortOnError                   0x08003988   Section        0  stm32f4xx_hal_uart.o(i.UART_DMAAbortOnError)
    UART_DMAAbortOnError                     0x08003989   Thumb Code    16  stm32f4xx_hal_uart.o(i.UART_DMAAbortOnError)
    i.UART_DMAError                          0x08003998   Section        0  stm32f4xx_hal_uart.o(i.UART_DMAError)
    UART_DMAError                            0x08003999   Thumb Code    74  stm32f4xx_hal_uart.o(i.UART_DMAError)
    i.UART_DMAReceiveCplt                    0x080039e2   Section        0  stm32f4xx_hal_uart.o(i.UART_DMAReceiveCplt)
    UART_DMAReceiveCplt                      0x080039e3   Thumb Code    60  stm32f4xx_hal_uart.o(i.UART_DMAReceiveCplt)
    i.UART_DMARxHalfCplt                     0x08003a1e   Section        0  stm32f4xx_hal_uart.o(i.UART_DMARxHalfCplt)
    UART_DMARxHalfCplt                       0x08003a1f   Thumb Code    10  stm32f4xx_hal_uart.o(i.UART_DMARxHalfCplt)
    i.UART_DMATransmitCplt                   0x08003a28   Section        0  stm32f4xx_hal_uart.o(i.UART_DMATransmitCplt)
    UART_DMATransmitCplt                     0x08003a29   Thumb Code    46  stm32f4xx_hal_uart.o(i.UART_DMATransmitCplt)
    i.UART_DMATxHalfCplt                     0x08003a56   Section        0  stm32f4xx_hal_uart.o(i.UART_DMATxHalfCplt)
    UART_DMATxHalfCplt                       0x08003a57   Thumb Code    10  stm32f4xx_hal_uart.o(i.UART_DMATxHalfCplt)
    i.UART_EndRxTransfer                     0x08003a60   Section        0  stm32f4xx_hal_uart.o(i.UART_EndRxTransfer)
    UART_EndRxTransfer                       0x08003a61   Thumb Code    28  stm32f4xx_hal_uart.o(i.UART_EndRxTransfer)
    i.UART_EndTransmit_IT                    0x08003a7c   Section        0  stm32f4xx_hal_uart.o(i.UART_EndTransmit_IT)
    UART_EndTransmit_IT                      0x08003a7d   Thumb Code    26  stm32f4xx_hal_uart.o(i.UART_EndTransmit_IT)
    i.UART_EndTxTransfer                     0x08003a96   Section        0  stm32f4xx_hal_uart.o(i.UART_EndTxTransfer)
    UART_EndTxTransfer                       0x08003a97   Thumb Code    18  stm32f4xx_hal_uart.o(i.UART_EndTxTransfer)
    i.UART_Receive_IT                        0x08003aa8   Section        0  stm32f4xx_hal_uart.o(i.UART_Receive_IT)
    UART_Receive_IT                          0x08003aa9   Thumb Code   146  stm32f4xx_hal_uart.o(i.UART_Receive_IT)
    i.UART_SetConfig                         0x08003b3c   Section        0  stm32f4xx_hal_uart.o(i.UART_SetConfig)
    UART_SetConfig                           0x08003b3d   Thumb Code   780  stm32f4xx_hal_uart.o(i.UART_SetConfig)
    i.UART_Transmit_IT                       0x08003e50   Section        0  stm32f4xx_hal_uart.o(i.UART_Transmit_IT)
    UART_Transmit_IT                         0x08003e51   Thumb Code   102  stm32f4xx_hal_uart.o(i.UART_Transmit_IT)
    i.UsageFault_Handler                     0x08003eb6   Section        0  stm32f4xx_it.o(i.UsageFault_Handler)
    i._Error_Handler                         0x08003eb8   Section        0  main.o(i._Error_Handler)
    i.__0printf$5                            0x08003ebc   Section        0  printf5.o(i.__0printf$5)
    i.__scatterload_copy                     0x08003edc   Section       14  handlers.o(i.__scatterload_copy)
    i.__scatterload_null                     0x08003eea   Section        2  handlers.o(i.__scatterload_null)
    i.__scatterload_zeroinit                 0x08003eec   Section       14  handlers.o(i.__scatterload_zeroinit)
    i._printf_core                           0x08003efc   Section        0  printf5.o(i._printf_core)
    _printf_core                             0x08003efd   Thumb Code   658  printf5.o(i._printf_core)
    i.fputc                                  0x080041bc   Section        0  serial.o(i.fputc)
    i.main                                   0x08004204   Section        0  main.o(i.main)
    .constdata                               0x080044d0   Section       16  system_stm32f4xx_1.o(.constdata)
    .constdata                               0x080044e0   Section        8  system_stm32f4xx_1.o(.constdata)
    .constdata                               0x080044e8   Section        8  stm32f4xx_hal_dma.o(.constdata)
    flagBitshiftOffset                       0x080044e8   Data           8  stm32f4xx_hal_dma.o(.constdata)
    .constdata                               0x080044f0   Section       24  main.o(.constdata)
    .conststring                             0x08004508   Section       27  serial.o(.conststring)
    .conststring                             0x08004524   Section      172  steppercommands.o(.conststring)
    .data                                    0x20000000   Section        4  system_stm32f4xx_1.o(.data)
    .data                                    0x20000004   Section       12  stm32f4xx_hal.o(.data)
    .data                                    0x20000010   Section        4  steppercontroller.o(.data)
    initializedSteppersCount                 0x20000010   Data           4  steppercontroller.o(.data)
    .data                                    0x20000014   Section       28  serial.o(.data)
    serialStatus                             0x20000014   Data           1  serial.o(.data)
    txOutPtr                                 0x2000001c   Data           4  serial.o(.data)
    txInPtr                                  0x20000020   Data           4  serial.o(.data)
    rxPtr                                    0x20000024   Data           4  serial.o(.data)
    syncLock                                 0x20000028   Data           4  serial.o(.data)
    txInSnapshot                             0x2000002c   Data           4  serial.o(.data)
    .data                                    0x20000030   Section        4  serial.o(.data)
    .data                                    0x20000034   Section       96  steppercommands.o(.data)
    currentReqField                          0x20000034   Data           1  steppercommands.o(.data)
    currentReqFieldIndex                     0x20000038   Data           4  steppercommands.o(.data)
    filteredItems                            0x2000003c   Data           4  steppercommands.o(.data)
    request_commands_arry                    0x20000044   Data          32  steppercommands.o(.data)
    request_params_arry                      0x20000064   Data          48  steppercommands.o(.data)
    .data                                    0x20000094   Section       32  main.o(.data)
    .bss                                     0x200000b4   Section       32  stm32f4xx_hal_flash.o(.bss)
    .bss                                     0x200000d4   Section      600  steppercontroller.o(.bss)
    steppers                                 0x200000d4   Data         600  steppercontroller.o(.bss)
    .bss                                     0x2000032c   Section     8192  serial.o(.bss)
    txBuffer                                 0x2000032c   Data        4096  serial.o(.bss)
    rxBuffer                                 0x2000132c   Data        4096  serial.o(.bss)
    .bss                                     0x20002330   Section       24  steppercommands.o(.bss)
    req                                      0x20002330   Data          24  steppercommands.o(.bss)
    .bss                                     0x20002348   Section      364  main.o(.bss)
    .bss                                     0x200024b4   Section       96  main.o(.bss)
    .bss                                     0x20002514   Section       96  main.o(.bss)
    STACK                                    0x20002578   Section     1024  startup_stm32f407xx.o(STACK)

    Global Symbols

    Symbol Name                              Value     Ov Type        Size  Object(Section)

    BuildAttributes$$THM_ISAv4$E$P$D$K$B$S$7EM$VFPi3$EXTD16$VFPS$VFMA$PE$A:L22UL41UL21$X:L11$S22US41US21$IEEE1$IW$USESV6$~STKCKD$USESV7$~SHL$OTIME$ROPI$IEEEX$EBA8$MICROLIB$REQ8$PRES8$EABIv2 0x00000000   Number         0  anon$$obj.o ABSOLUTE
    __ARM_use_no_argv                        0x00000000   Number         0  main.o ABSOLUTE
    _printf_a                                0x00000000   Number         0  stubs.o ABSOLUTE
    _printf_c                                0x00000000   Number         0  stubs.o ABSOLUTE
    _printf_charcount                        0x00000000   Number         0  stubs.o ABSOLUTE
    _printf_d                                0x00000000   Number         0  stubs.o ABSOLUTE
    _printf_e                                0x00000000   Number         0  stubs.o ABSOLUTE
    _printf_f                                0x00000000   Number         0  stubs.o ABSOLUTE
    _printf_flags                            0x00000000   Number         0  stubs.o ABSOLUTE
    _printf_fp_dec                           0x00000000   Number         0  stubs.o ABSOLUTE
    _printf_fp_hex                           0x00000000   Number         0  stubs.o ABSOLUTE
    _printf_g                                0x00000000   Number         0  stubs.o ABSOLUTE
    _printf_i                                0x00000000   Number         0  stubs.o ABSOLUTE
    _printf_int_dec                          0x00000000   Number         0  stubs.o ABSOLUTE
    _printf_l                                0x00000000   Number         0  stubs.o ABSOLUTE
    _printf_lc                               0x00000000   Number         0  stubs.o ABSOLUTE
    _printf_ll                               0x00000000   Number         0  stubs.o ABSOLUTE
    _printf_lld                              0x00000000   Number         0  stubs.o ABSOLUTE
    _printf_lli                              0x00000000   Number         0  stubs.o ABSOLUTE
    _printf_llo                              0x00000000   Number         0  stubs.o ABSOLUTE
    _printf_llu                              0x00000000   Number         0  stubs.o ABSOLUTE
    _printf_llx                              0x00000000   Number         0  stubs.o ABSOLUTE
    _printf_longlong_dec                     0x00000000   Number         0  stubs.o ABSOLUTE
    _printf_longlong_hex                     0x00000000   Number         0  stubs.o ABSOLUTE
    _printf_longlong_oct                     0x00000000   Number         0  stubs.o ABSOLUTE
    _printf_ls                               0x00000000   Number         0  stubs.o ABSOLUTE
    _printf_mbtowc                           0x00000000   Number         0  stubs.o ABSOLUTE
    _printf_n                                0x00000000   Number         0  stubs.o ABSOLUTE
    _printf_o                                0x00000000   Number         0  stubs.o ABSOLUTE
    _printf_p                                0x00000000   Number         0  stubs.o ABSOLUTE
    _printf_percent                          0x00000000   Number         0  stubs.o ABSOLUTE
    _printf_pre_padding                      0x00000000   Number         0  stubs.o ABSOLUTE
    _printf_return_value                     0x00000000   Number         0  stubs.o ABSOLUTE
    _printf_s                                0x00000000   Number         0  stubs.o ABSOLUTE
    _printf_sizespec                         0x00000000   Number         0  stubs.o ABSOLUTE
    _printf_str                              0x00000000   Number         0  stubs.o ABSOLUTE
    _printf_truncate_signed                  0x00000000   Number         0  stubs.o ABSOLUTE
    _printf_truncate_unsigned                0x00000000   Number         0  stubs.o ABSOLUTE
    _printf_u                                0x00000000   Number         0  stubs.o ABSOLUTE
    _printf_wc                               0x00000000   Number         0  stubs.o ABSOLUTE
    _printf_wctomb                           0x00000000   Number         0  stubs.o ABSOLUTE
    _printf_widthprec                        0x00000000   Number         0  stubs.o ABSOLUTE
    _printf_x                                0x00000000   Number         0  stubs.o ABSOLUTE
    __cpp_initialize__aeabi_                  - Undefined Weak Reference
    __cxa_finalize                            - Undefined Weak Reference
    __decompress                              - Undefined Weak Reference
    _clock_init                               - Undefined Weak Reference
    _microlib_exit                            - Undefined Weak Reference
    __Vectors_Size                           0x00000188   Number         0  startup_stm32f407xx.o ABSOLUTE
    __Vectors                                0x08000000   Data           4  startup_stm32f407xx.o(RESET)
    __Vectors_End                            0x08000188   Data           0  startup_stm32f407xx.o(RESET)
    __main                                   0x08000189   Thumb Code     0  entry.o(.ARM.Collect$$$$00000000)
    _main_stk                                0x08000189   Thumb Code     0  entry2.o(.ARM.Collect$$$$00000001)
    _main_scatterload                        0x0800018d   Thumb Code     0  entry5.o(.ARM.Collect$$$$00000004)
    __main_after_scatterload                 0x08000191   Thumb Code     0  entry5.o(.ARM.Collect$$$$00000004)
    _main_clock                              0x08000191   Thumb Code     0  entry7b.o(.ARM.Collect$$$$00000008)
    _main_cpp_init                           0x08000191   Thumb Code     0  entry8b.o(.ARM.Collect$$$$0000000A)
    _main_init                               0x08000191   Thumb Code     0  entry9a.o(.ARM.Collect$$$$0000000B)
    __rt_final_cpp                           0x08000199   Thumb Code     0  entry10a.o(.ARM.Collect$$$$0000000D)
    __rt_final_exit                          0x08000199   Thumb Code     0  entry11a.o(.ARM.Collect$$$$0000000F)
    Reset_Handler                            0x0800019d   Thumb Code     8  startup_stm32f407xx.o(.text)
    ADC_IRQHandler                           0x080001b7   Thumb Code     0  startup_stm32f407xx.o(.text)
    CAN1_RX0_IRQHandler                      0x080001b7   Thumb Code     0  startup_stm32f407xx.o(.text)
    CAN1_RX1_IRQHandler                      0x080001b7   Thumb Code     0  startup_stm32f407xx.o(.text)
    CAN1_SCE_IRQHandler                      0x080001b7   Thumb Code     0  startup_stm32f407xx.o(.text)
    CAN1_TX_IRQHandler                       0x080001b7   Thumb Code     0  startup_stm32f407xx.o(.text)
    CAN2_RX0_IRQHandler                      0x080001b7   Thumb Code     0  startup_stm32f407xx.o(.text)
    CAN2_RX1_IRQHandler                      0x080001b7   Thumb Code     0  startup_stm32f407xx.o(.text)
    CAN2_SCE_IRQHandler                      0x080001b7   Thumb Code     0  startup_stm32f407xx.o(.text)
    CAN2_TX_IRQHandler                       0x080001b7   Thumb Code     0  startup_stm32f407xx.o(.text)
    DCMI_IRQHandler                          0x080001b7   Thumb Code     0  startup_stm32f407xx.o(.text)
    DMA1_Stream0_IRQHandler                  0x080001b7   Thumb Code     0  startup_stm32f407xx.o(.text)
    DMA1_Stream1_IRQHandler                  0x080001b7   Thumb Code     0  startup_stm32f407xx.o(.text)
    DMA1_Stream3_IRQHandler                  0x080001b7   Thumb Code     0  startup_stm32f407xx.o(.text)
    DMA1_Stream5_IRQHandler                  0x080001b7   Thumb Code     0  startup_stm32f407xx.o(.text)
    DMA1_Stream6_IRQHandler                  0x080001b7   Thumb Code     0  startup_stm32f407xx.o(.text)
    DMA1_Stream7_IRQHandler                  0x080001b7   Thumb Code     0  startup_stm32f407xx.o(.text)
    DMA2_Stream0_IRQHandler                  0x080001b7   Thumb Code     0  startup_stm32f407xx.o(.text)
    DMA2_Stream1_IRQHandler                  0x080001b7   Thumb Code     0  startup_stm32f407xx.o(.text)
    DMA2_Stream2_IRQHandler                  0x080001b7   Thumb Code     0  startup_stm32f407xx.o(.text)
    DMA2_Stream3_IRQHandler                  0x080001b7   Thumb Code     0  startup_stm32f407xx.o(.text)
    DMA2_Stream4_IRQHandler                  0x080001b7   Thumb Code     0  startup_stm32f407xx.o(.text)
    DMA2_Stream5_IRQHandler                  0x080001b7   Thumb Code     0  startup_stm32f407xx.o(.text)
    DMA2_Stream6_IRQHandler                  0x080001b7   Thumb Code     0  startup_stm32f407xx.o(.text)
    DMA2_Stream7_IRQHandler                  0x080001b7   Thumb Code     0  startup_stm32f407xx.o(.text)
    ETH_IRQHandler                           0x080001b7   Thumb Code     0  startup_stm32f407xx.o(.text)
    ETH_WKUP_IRQHandler                      0x080001b7   Thumb Code     0  startup_stm32f407xx.o(.text)
    EXTI0_IRQHandler                         0x080001b7   Thumb Code     0  startup_stm32f407xx.o(.text)
    EXTI1_IRQHandler                         0x080001b7   Thumb Code     0  startup_stm32f407xx.o(.text)
    EXTI2_IRQHandler                         0x080001b7   Thumb Code     0  startup_stm32f407xx.o(.text)
    EXTI3_IRQHandler                         0x080001b7   Thumb Code     0  startup_stm32f407xx.o(.text)
    EXTI4_IRQHandler                         0x080001b7   Thumb Code     0  startup_stm32f407xx.o(.text)
    EXTI9_5_IRQHandler                       0x080001b7   Thumb Code     0  startup_stm32f407xx.o(.text)
    FLASH_IRQHandler                         0x080001b7   Thumb Code     0  startup_stm32f407xx.o(.text)
    FMC_IRQHandler                           0x080001b7   Thumb Code     0  startup_stm32f407xx.o(.text)
    FPU_IRQHandler                           0x080001b7   Thumb Code     0  startup_stm32f407xx.o(.text)
    HASH_RNG_IRQHandler                      0x080001b7   Thumb Code     0  startup_stm32f407xx.o(.text)
    I2C1_ER_IRQHandler                       0x080001b7   Thumb Code     0  startup_stm32f407xx.o(.text)
    I2C1_EV_IRQHandler                       0x080001b7   Thumb Code     0  startup_stm32f407xx.o(.text)
    I2C2_ER_IRQHandler                       0x080001b7   Thumb Code     0  startup_stm32f407xx.o(.text)
    I2C2_EV_IRQHandler                       0x080001b7   Thumb Code     0  startup_stm32f407xx.o(.text)
    I2C3_ER_IRQHandler                       0x080001b7   Thumb Code     0  startup_stm32f407xx.o(.text)
    I2C3_EV_IRQHandler                       0x080001b7   Thumb Code     0  startup_stm32f407xx.o(.text)
    OTG_FS_IRQHandler                        0x080001b7   Thumb Code     0  startup_stm32f407xx.o(.text)
    OTG_FS_WKUP_IRQHandler                   0x080001b7   Thumb Code     0  startup_stm32f407xx.o(.text)
    OTG_HS_EP1_IN_IRQHandler                 0x080001b7   Thumb Code     0  startup_stm32f407xx.o(.text)
    OTG_HS_EP1_OUT_IRQHandler                0x080001b7   Thumb Code     0  startup_stm32f407xx.o(.text)
    OTG_HS_IRQHandler                        0x080001b7   Thumb Code     0  startup_stm32f407xx.o(.text)
    OTG_HS_WKUP_IRQHandler                   0x080001b7   Thumb Code     0  startup_stm32f407xx.o(.text)
    PVD_IRQHandler                           0x080001b7   Thumb Code     0  startup_stm32f407xx.o(.text)
    RCC_IRQHandler                           0x080001b7   Thumb Code     0  startup_stm32f407xx.o(.text)
    RTC_Alarm_IRQHandler                     0x080001b7   Thumb Code     0  startup_stm32f407xx.o(.text)
    RTC_WKUP_IRQHandler                      0x080001b7   Thumb Code     0  startup_stm32f407xx.o(.text)
    SDIO_IRQHandler                          0x080001b7   Thumb Code     0  startup_stm32f407xx.o(.text)
    SPI1_IRQHandler                          0x080001b7   Thumb Code     0  startup_stm32f407xx.o(.text)
    SPI2_IRQHandler                          0x080001b7   Thumb Code     0  startup_stm32f407xx.o(.text)
    SPI3_IRQHandler                          0x080001b7   Thumb Code     0  startup_stm32f407xx.o(.text)
    TAMP_STAMP_IRQHandler                    0x080001b7   Thumb Code     0  startup_stm32f407xx.o(.text)
    TIM1_BRK_TIM9_IRQHandler                 0x080001b7   Thumb Code     0  startup_stm32f407xx.o(.text)
    TIM1_CC_IRQHandler                       0x080001b7   Thumb Code     0  startup_stm32f407xx.o(.text)
    TIM1_TRG_COM_TIM11_IRQHandler            0x080001b7   Thumb Code     0  startup_stm32f407xx.o(.text)
    TIM1_UP_TIM10_IRQHandler                 0x080001b7   Thumb Code     0  startup_stm32f407xx.o(.text)
    TIM2_IRQHandler                          0x080001b7   Thumb Code     0  startup_stm32f407xx.o(.text)
    TIM6_DAC_IRQHandler                      0x080001b7   Thumb Code     0  startup_stm32f407xx.o(.text)
    TIM7_IRQHandler                          0x080001b7   Thumb Code     0  startup_stm32f407xx.o(.text)
    TIM8_BRK_TIM12_IRQHandler                0x080001b7   Thumb Code     0  startup_stm32f407xx.o(.text)
    TIM8_CC_IRQHandler                       0x080001b7   Thumb Code     0  startup_stm32f407xx.o(.text)
    TIM8_UP_TIM13_IRQHandler                 0x080001b7   Thumb Code     0  startup_stm32f407xx.o(.text)
    UART5_IRQHandler                         0x080001b7   Thumb Code     0  startup_stm32f407xx.o(.text)
    USART1_IRQHandler                        0x080001b7   Thumb Code     0  startup_stm32f407xx.o(.text)
    USART2_IRQHandler                        0x080001b7   Thumb Code     0  startup_stm32f407xx.o(.text)
    USART3_IRQHandler                        0x080001b7   Thumb Code     0  startup_stm32f407xx.o(.text)
    USART6_IRQHandler                        0x080001b7   Thumb Code     0  startup_stm32f407xx.o(.text)
    WWDG_IRQHandler                          0x080001b7   Thumb Code     0  startup_stm32f407xx.o(.text)
    __aeabi_uldivmod                         0x080001c1   Thumb Code    98  uldiv.o(.text)
    __aeabi_memcpy                           0x08000223   Thumb Code    36  memcpya.o(.text)
    __aeabi_memcpy4                          0x08000223   Thumb Code     0  memcpya.o(.text)
    __aeabi_memcpy8                          0x08000223   Thumb Code     0  memcpya.o(.text)
    strlen                                   0x08000247   Thumb Code    14  strlen.o(.text)
    __aeabi_l2f                              0x08000255   Thumb Code    44  ffltl.o(.text)
    __aeabi_llsl                             0x08000281   Thumb Code    30  llshl.o(.text)
    _ll_shift_l                              0x08000281   Thumb Code     0  llshl.o(.text)
    __aeabi_llsr                             0x0800029f   Thumb Code    32  llushr.o(.text)
    _ll_ushift_r                             0x0800029f   Thumb Code     0  llushr.o(.text)
    __I$use$fp                               0x080002bf   Thumb Code     0  iusefp.o(.text)
    _float_round                             0x080002bf   Thumb Code    18  fepilogue.o(.text)
    _float_epilogue                          0x080002d1   Thumb Code    92  fepilogue.o(.text)
    __scatterload                            0x0800032d   Thumb Code    28  init.o(.text)
    __scatterload_rt2                        0x0800032d   Thumb Code     0  init.o(.text)
    BusFault_Handler                         0x08000351   Thumb Code     2  stm32f4xx_it.o(i.BusFault_Handler)
    Calib_Home                               0x08000355   Thumb Code   140  main.o(i.Calib_Home)
    CleanupDecoder                           0x080003f1   Thumb Code    26  steppercommands.o(i.CleanupDecoder)
    DMA1_Stream2_IRQHandler                  0x08000415   Thumb Code     6  stm32f4xx_it.o(i.DMA1_Stream2_IRQHandler)
    DMA1_Stream4_IRQHandler                  0x08000421   Thumb Code     6  stm32f4xx_it.o(i.DMA1_Stream4_IRQHandler)
    DebugMon_Handler                         0x080004fb   Thumb Code     2  stm32f4xx_it.o(i.DebugMon_Handler)
    Decode                                   0x080004fd   Thumb Code    48  steppercommands.o(i.Decode)
    DecodeCmd                                0x08000531   Thumb Code   180  steppercommands.o(i.DecodeCmd)
    DecodeParam                              0x080005ed   Thumb Code   210  steppercommands.o(i.DecodeParam)
    DecodeStepper                            0x080006c9   Thumb Code    48  steppercommands.o(i.DecodeStepper)
    DecodeValue                              0x08000701   Thumb Code   170  steppercommands.o(i.DecodeValue)
    DecrementSPS                             0x080007b5   Thumb Code    22  steppercontroller.o(i.DecrementSPS)
    EXTI15_10_IRQHandler                     0x080007cb   Thumb Code    22  stm32f4xx_it.o(i.EXTI15_10_IRQHandler)
    ExecuteController                        0x080007e1   Thumb Code   316  steppercontroller.o(i.ExecuteController)
    ExecuteRequest                           0x08000925   Thumb Code   588  steppercommands.o(i.ExecuteRequest)
    FLASH_Erase_Sector                       0x08000c8d   Thumb Code    76  stm32f4xx_hal_flash_ex.o(i.FLASH_Erase_Sector)
    FLASH_WaitForLastOperation               0x08000dd5   Thumb Code    76  stm32f4xx_hal_flash.o(i.FLASH_WaitForLastOperation)
    GetParamValue                            0x08000e29   Thumb Code    54  steppercommands.o(i.GetParamValue)
    GetState                                 0x08000e61   Thumb Code    40  steppercontroller.o(i.GetState)
    GetStepDirectionUnit                     0x08000e91   Thumb Code    18  steppercontroller.o(i.GetStepDirectionUnit)
    GetStepsToTarget                         0x08000ea3   Thumb Code    40  steppercontroller.o(i.GetStepsToTarget)
    Grap_object                              0x08000ecd   Thumb Code    44  main.o(i.Grap_object)
    HAL_DMA_Abort_IT                         0x08000efd   Thumb Code    36  stm32f4xx_hal_dma.o(i.HAL_DMA_Abort_IT)
    HAL_DMA_IRQHandler                       0x08000f21   Thumb Code   460  stm32f4xx_hal_dma.o(i.HAL_DMA_IRQHandler)
    HAL_DMA_Init                             0x080010f1   Thumb Code   208  stm32f4xx_hal_dma.o(i.HAL_DMA_Init)
    HAL_DMA_Start_IT                         0x080011c5   Thumb Code   120  stm32f4xx_hal_dma.o(i.HAL_DMA_Start_IT)
    HAL_Delay                                0x0800123d   Thumb Code    32  stm32f4xx_hal.o(i.HAL_Delay)
    HAL_FLASH_Lock                           0x08001261   Thumb Code    14  stm32f4xx_hal_flash.o(i.HAL_FLASH_Lock)
    HAL_FLASH_Program                        0x08001275   Thumb Code   116  stm32f4xx_hal_flash.o(i.HAL_FLASH_Program)
    HAL_FLASH_Unlock                         0x080012f1   Thumb Code    32  stm32f4xx_hal_flash.o(i.HAL_FLASH_Unlock)
    HAL_GPIO_EXTI_Callback                   0x0800131d   Thumb Code    68  main.o(i.HAL_GPIO_EXTI_Callback)
    HAL_GPIO_EXTI_IRQHandler                 0x0800136d   Thumb Code    18  stm32f4xx_hal_gpio.o(i.HAL_GPIO_EXTI_IRQHandler)
    HAL_GPIO_Init                            0x08001385   Thumb Code   406  stm32f4xx_hal_gpio.o(i.HAL_GPIO_Init)
    HAL_GPIO_ReadPin                         0x08001549   Thumb Code    14  stm32f4xx_hal_gpio.o(i.HAL_GPIO_ReadPin)
    HAL_GPIO_WritePin                        0x08001557   Thumb Code    14  stm32f4xx_hal_gpio.o(i.HAL_GPIO_WritePin)
    HAL_GetTick                              0x08001565   Thumb Code     6  stm32f4xx_hal.o(i.HAL_GetTick)
    HAL_IncTick                              0x08001571   Thumb Code    12  stm32f4xx_hal.o(i.HAL_IncTick)
    HAL_Init                                 0x08001581   Thumb Code    48  stm32f4xx_hal.o(i.HAL_Init)
    HAL_InitTick                             0x080015b5   Thumb Code    58  stm32f4xx_hal.o(i.HAL_InitTick)
    HAL_MspInit                              0x080015f9   Thumb Code    88  stm32f4xx_hal_msp.o(i.HAL_MspInit)
    HAL_NVIC_EnableIRQ                       0x08001651   Thumb Code    22  stm32f4xx_hal_cortex.o(i.HAL_NVIC_EnableIRQ)
    HAL_NVIC_SetPriority                     0x08001669   Thumb Code    60  stm32f4xx_hal_cortex.o(i.HAL_NVIC_SetPriority)
    HAL_NVIC_SetPriorityGrouping             0x080016a9   Thumb Code    26  stm32f4xx_hal_cortex.o(i.HAL_NVIC_SetPriorityGrouping)
    HAL_RCC_ClockConfig                      0x080016cd   Thumb Code   308  stm32f4xx_hal_rcc.o(i.HAL_RCC_ClockConfig)
    HAL_RCC_GetHCLKFreq                      0x08001811   Thumb Code     6  stm32f4xx_hal_rcc.o(i.HAL_RCC_GetHCLKFreq)
    HAL_RCC_GetPCLK1Freq                     0x0800181d   Thumb Code    22  stm32f4xx_hal_rcc.o(i.HAL_RCC_GetPCLK1Freq)
    HAL_RCC_GetPCLK2Freq                     0x0800183d   Thumb Code    22  stm32f4xx_hal_rcc.o(i.HAL_RCC_GetPCLK2Freq)
    HAL_RCC_GetSysClockFreq                  0x0800185d   Thumb Code    94  stm32f4xx_hal_rcc.o(i.HAL_RCC_GetSysClockFreq)
    HAL_RCC_OscConfig                        0x080018c5   Thumb Code   896  stm32f4xx_hal_rcc.o(i.HAL_RCC_OscConfig)
    HAL_SYSTICK_CLKSourceConfig              0x08001c55   Thumb Code    28  stm32f4xx_hal_cortex.o(i.HAL_SYSTICK_CLKSourceConfig)
    HAL_SYSTICK_Callback                     0x08001c71   Thumb Code     2  stm32f4xx_hal_cortex.o(i.HAL_SYSTICK_Callback)
    HAL_SYSTICK_Config                       0x08001c73   Thumb Code    40  stm32f4xx_hal_cortex.o(i.HAL_SYSTICK_Config)
    HAL_SYSTICK_IRQHandler                   0x08001c9b   Thumb Code     8  stm32f4xx_hal_cortex.o(i.HAL_SYSTICK_IRQHandler)
    HAL_TIMEx_BreakCallback                  0x08001ca3   Thumb Code     2  stm32f4xx_hal_tim_ex.o(i.HAL_TIMEx_BreakCallback)
    HAL_TIMEx_CommutationCallback            0x08001ca5   Thumb Code     2  stm32f4xx_hal_tim_ex.o(i.HAL_TIMEx_CommutationCallback)
    HAL_TIMEx_MasterConfigSynchronization    0x08001ca7   Thumb Code    80  stm32f4xx_hal_tim_ex.o(i.HAL_TIMEx_MasterConfigSynchronization)
    HAL_TIM_Base_Init                        0x08001cf7   Thumb Code    56  stm32f4xx_hal_tim.o(i.HAL_TIM_Base_Init)
    HAL_TIM_Base_MspInit                     0x08001d31   Thumb Code   198  stm32f4xx_hal_msp.o(i.HAL_TIM_Base_MspInit)
    HAL_TIM_Base_Start_IT                    0x08001e11   Thumb Code    24  stm32f4xx_hal_tim.o(i.HAL_TIM_Base_Start_IT)
    HAL_TIM_ConfigClockSource                0x08001e29   Thumb Code   270  stm32f4xx_hal_tim.o(i.HAL_TIM_ConfigClockSource)
    HAL_TIM_IC_CaptureCallback               0x08001f37   Thumb Code     2  stm32f4xx_hal_tim.o(i.HAL_TIM_IC_CaptureCallback)
    HAL_TIM_IRQHandler                       0x08001f39   Thumb Code   366  stm32f4xx_hal_tim.o(i.HAL_TIM_IRQHandler)
    HAL_TIM_MspPostInit                      0x080020a9   Thumb Code   124  stm32f4xx_hal_msp.o(i.HAL_TIM_MspPostInit)
    HAL_TIM_OC_DelayElapsedCallback          0x08002141   Thumb Code     2  stm32f4xx_hal_tim.o(i.HAL_TIM_OC_DelayElapsedCallback)
    HAL_TIM_PWM_ConfigChannel                0x08002143   Thumb Code   218  stm32f4xx_hal_tim.o(i.HAL_TIM_PWM_ConfigChannel)
    HAL_TIM_PWM_Init                         0x0800221d   Thumb Code    56  stm32f4xx_hal_tim.o(i.HAL_TIM_PWM_Init)
    HAL_TIM_PWM_MspInit                      0x08002255   Thumb Code     2  stm32f4xx_hal_tim.o(i.HAL_TIM_PWM_MspInit)
    HAL_TIM_PWM_PulseFinishedCallback        0x08002257   Thumb Code     2  stm32f4xx_hal_tim.o(i.HAL_TIM_PWM_PulseFinishedCallback)
    HAL_TIM_PWM_Start                        0x08002259   Thumb Code    48  stm32f4xx_hal_tim.o(i.HAL_TIM_PWM_Start)
    HAL_TIM_PWM_Stop                         0x08002291   Thumb Code    84  stm32f4xx_hal_tim.o(i.HAL_TIM_PWM_Stop)
    HAL_TIM_PeriodElapsedCallback            0x080022ed   Thumb Code     2  stm32f4xx_hal_tim.o(i.HAL_TIM_PeriodElapsedCallback)
    HAL_TIM_TriggerCallback                  0x080022ef   Thumb Code     2  stm32f4xx_hal_tim.o(i.HAL_TIM_TriggerCallback)
    HAL_UART_ErrorCallback                   0x080022f1   Thumb Code     2  stm32f4xx_hal_uart.o(i.HAL_UART_ErrorCallback)
    HAL_UART_IRQHandler                      0x080022f5   Thumb Code   268  stm32f4xx_hal_uart.o(i.HAL_UART_IRQHandler)
    HAL_UART_Init                            0x08002405   Thumb Code   100  stm32f4xx_hal_uart.o(i.HAL_UART_Init)
    HAL_UART_MspInit                         0x08002469   Thumb Code   190  stm32f4xx_hal_msp.o(i.HAL_UART_MspInit)
    HAL_UART_Receive_DMA                     0x0800255d   Thumb Code   142  stm32f4xx_hal_uart.o(i.HAL_UART_Receive_DMA)
    HAL_UART_RxCpltCallback                  0x080025f9   Thumb Code    52  serial.o(i.HAL_UART_RxCpltCallback)
    HAL_UART_RxHalfCpltCallback              0x0800263d   Thumb Code     2  stm32f4xx_hal_uart.o(i.HAL_UART_RxHalfCpltCallback)
    HAL_UART_Transmit_DMA                    0x08002641   Thumb Code   126  stm32f4xx_hal_uart.o(i.HAL_UART_Transmit_DMA)
    HAL_UART_TxCpltCallback                  0x080026cd   Thumb Code    96  serial.o(i.HAL_UART_TxCpltCallback)
    HAL_UART_TxHalfCpltCallback              0x08002739   Thumb Code     2  stm32f4xx_hal_uart.o(i.HAL_UART_TxHalfCpltCallback)
    HardFault_Handler                        0x0800273b   Thumb Code     2  stm32f4xx_it.o(i.HardFault_Handler)
    IncrementSPS                             0x0800273d   Thumb Code    22  steppercontroller.o(i.IncrementSPS)
    MemManage_Handler                        0x08002bed   Thumb Code     2  stm32f4xx_it.o(i.MemManage_Handler)
    NMI_Handler                              0x08002bef   Thumb Code     2  stm32f4xx_it.o(i.NMI_Handler)
    PendSV_Handler                           0x08002c11   Thumb Code     2  stm32f4xx_it.o(i.PendSV_Handler)
    PrintStepperStatusStr                    0x08002c15   Thumb Code    92  steppercommands.o(i.PrintStepperStatusStr)
    SVC_Handler                              0x08002ce1   Thumb Code     2  stm32f4xx_it.o(i.SVC_Handler)
    Serial_CheckRxTimeout                    0x08002ce5   Thumb Code    46  serial.o(i.Serial_CheckRxTimeout)
    Serial_ExecutePendingTransmits           0x08002d21   Thumb Code   124  serial.o(i.Serial_ExecutePendingTransmits)
    Serial_InitRxSequence                    0x08002da9   Thumb Code    42  serial.o(i.Serial_InitRxSequence)
    Serial_RxCallback                        0x08002de1   Thumb Code     4  steppercommands.o(i.Serial_RxCallback)
    SetAccelerationByMinSPS                  0x08002de5   Thumb Code   162  steppercontroller.o(i.SetAccelerationByMinSPS)
    SetParamValue                            0x08002ea5   Thumb Code   146  steppercommands.o(i.SetParamValue)
    SetStepTimerByCurrentSPS                 0x08002f45   Thumb Code    82  steppercontroller.o(i.SetStepTimerByCurrentSPS)
    Set_Home                                 0x08002f9d   Thumb Code   118  main.o(i.Set_Home)
    Set_Orient                               0x08003029   Thumb Code    40  main.o(i.Set_Orient)
    Stepper_ExecuteAllControllers            0x08003061   Thumb Code    34  steppercontroller.o(i.Stepper_ExecuteAllControllers)
    Stepper_GetAccPrescaler                  0x0800308d   Thumb Code    16  steppercontroller.o(i.Stepper_GetAccPrescaler)
    Stepper_GetAccSPS                        0x0800309d   Thumb Code    16  steppercontroller.o(i.Stepper_GetAccSPS)
    Stepper_GetCurrentPosition               0x080030ad   Thumb Code    16  steppercontroller.o(i.Stepper_GetCurrentPosition)
    Stepper_GetCurrentSPS                    0x080030bd   Thumb Code    16  steppercontroller.o(i.Stepper_GetCurrentSPS)
    Stepper_GetMaxSPS                        0x080030cd   Thumb Code    16  steppercontroller.o(i.Stepper_GetMaxSPS)
    Stepper_GetMinSPS                        0x080030dd   Thumb Code    16  steppercontroller.o(i.Stepper_GetMinSPS)
    Stepper_GetStatus                        0x080030ed   Thumb Code    18  steppercontroller.o(i.Stepper_GetStatus)
    Stepper_GetTargetPosition                0x080030ff   Thumb Code    16  steppercontroller.o(i.Stepper_GetTargetPosition)
    Stepper_InitDefaultState                 0x08003111   Thumb Code   102  steppercontroller.o(i.Stepper_InitDefaultState)
    Stepper_LoadConfig                       0x08003181   Thumb Code    56  steppercontroller.o(i.Stepper_LoadConfig)
    Stepper_PulseTimerUpdate                 0x080031c5   Thumb Code   166  steppercontroller.o(i.Stepper_PulseTimerUpdate)
    Stepper_SaveConfig                       0x0800327d   Thumb Code   112  steppercontroller.o(i.Stepper_SaveConfig)
    Stepper_SetAccPrescaler                  0x080032fd   Thumb Code    54  steppercontroller.o(i.Stepper_SetAccPrescaler)
    Stepper_SetAccSPS                        0x08003333   Thumb Code    66  steppercontroller.o(i.Stepper_SetAccSPS)
    Stepper_SetCurrentPosition               0x08003375   Thumb Code    34  steppercontroller.o(i.Stepper_SetCurrentPosition)
    Stepper_SetMaxSPS                        0x08003397   Thumb Code    94  steppercontroller.o(i.Stepper_SetMaxSPS)
    Stepper_SetMinSPS                        0x080033f5   Thumb Code    98  steppercontroller.o(i.Stepper_SetMinSPS)
    Stepper_SetTargetPosition                0x08003457   Thumb Code    20  steppercontroller.o(i.Stepper_SetTargetPosition)
    Stepper_SetupPeripherals                 0x0800346d   Thumb Code    96  steppercontroller.o(i.Stepper_SetupPeripherals)
    SysTick_Handler                          0x080034d5   Thumb Code    14  stm32f4xx_it.o(i.SysTick_Handler)
    SystemClock_Config                       0x080034e5   Thumb Code   168  main.o(i.SystemClock_Config)
    SystemInit                               0x080035a5   Thumb Code    66  system_stm32f4xx_1.o(i.SystemInit)
    TIM3_IRQHandler                          0x080035f9   Thumb Code    40  stm32f4xx_it.o(i.TIM3_IRQHandler)
    TIM4_IRQHandler                          0x08003625   Thumb Code    40  stm32f4xx_it.o(i.TIM4_IRQHandler)
    TIM5_IRQHandler                          0x08003651   Thumb Code    40  stm32f4xx_it.o(i.TIM5_IRQHandler)
    TIM8_TRG_COM_TIM14_IRQHandler            0x0800367d   Thumb Code    42  stm32f4xx_it.o(i.TIM8_TRG_COM_TIM14_IRQHandler)
    TIM_Base_SetConfig                       0x080036ad   Thumb Code   152  stm32f4xx_hal_tim.o(i.TIM_Base_SetConfig)
    TIM_CCxChannelCmd                        0x08003771   Thumb Code    22  stm32f4xx_hal_tim.o(i.TIM_CCxChannelCmd)
    TIM_OC2_SetConfig                        0x0800380d   Thumb Code    98  stm32f4xx_hal_tim.o(i.TIM_OC2_SetConfig)
    UART4_IRQHandler                         0x0800397d   Thumb Code     6  stm32f4xx_it.o(i.UART4_IRQHandler)
    UsageFault_Handler                       0x08003eb7   Thumb Code     2  stm32f4xx_it.o(i.UsageFault_Handler)
    _Error_Handler                           0x08003eb9   Thumb Code     2  main.o(i._Error_Handler)
    __0printf$5                              0x08003ebd   Thumb Code    22  printf5.o(i.__0printf$5)
    __1printf$5                              0x08003ebd   Thumb Code     0  printf5.o(i.__0printf$5)
    __2printf                                0x08003ebd   Thumb Code     0  printf5.o(i.__0printf$5)
    __scatterload_copy                       0x08003edd   Thumb Code    14  handlers.o(i.__scatterload_copy)
    __scatterload_null                       0x08003eeb   Thumb Code     2  handlers.o(i.__scatterload_null)
    __scatterload_zeroinit                   0x08003eed   Thumb Code    14  handlers.o(i.__scatterload_zeroinit)
    fputc                                    0x080041bd   Thumb Code    62  serial.o(i.fputc)
    main                                     0x08004205   Thumb Code   446  main.o(i.main)
    AHBPrescTable                            0x080044d0   Data          16  system_stm32f4xx_1.o(.constdata)
    APBPrescTable                            0x080044e0   Data           8  system_stm32f4xx_1.o(.constdata)
    Region$$Table$$Base                      0x080045d0   Number         0  anon$$obj.o(Region$$Table)
    Region$$Table$$Limit                     0x080045f0   Number         0  anon$$obj.o(Region$$Table)
    SystemCoreClock                          0x20000000   Data           4  system_stm32f4xx_1.o(.data)
    uwTickFreq                               0x20000004   Data           1  stm32f4xx_hal.o(.data)
    uwTickPrio                               0x20000008   Data           4  stm32f4xx_hal.o(.data)
    uwTick                                   0x2000000c   Data           4  stm32f4xx_hal.o(.data)
    TX_OVERFLOW_MSG                          0x20000018   Data           4  serial.o(.data)
    __stdout                                 0x20000030   Data           4  serial.o(.data)
    target_pos                               0x20000040   Data           4  steppercommands.o(.data)
    state                                    0x20000094   Data           1  main.o(.data)
    speed                                    0x20000098   Data           4  main.o(.data)
    CalibHome                                0x2000009c   Data           4  main.o(.data)
    Set_position                             0x200000a0   Data           4  main.o(.data)
    STEP_TIMER_CLOCK                         0x200000a4   Data           4  main.o(.data)
    STEP_CONTROLLER_PERIOD_US                0x200000a8   Data           4  main.o(.data)
    count1                                   0x200000ac   Data           4  main.o(.data)
    count2                                   0x200000b0   Data           4  main.o(.data)
    pFlash                                   0x200000b4   Data          32  stm32f4xx_hal_flash.o(.bss)
    htim3                                    0x20002348   Data          60  main.o(.bss)
    htim4                                    0x20002384   Data          60  main.o(.bss)
    htim5                                    0x200023c0   Data          60  main.o(.bss)
    htim12                                   0x200023fc   Data          60  main.o(.bss)
    htim14                                   0x20002438   Data          60  main.o(.bss)
    huart4                                   0x20002474   Data          64  main.o(.bss)
    hdma_uart4_tx                            0x200024b4   Data          96  main.o(.bss)
    hdma_uart4_rx                            0x20002514   Data          96  main.o(.bss)
    __initial_sp                             0x20002978   Data           0  startup_stm32f407xx.o(STACK)



==============================================================================

Memory Map of the image

  Image Entry point : 0x08000189

  Load Region LR_IROM1 (Base: 0x08000000, Size: 0x000046a4, Max: 0x00100000, ABSOLUTE)

    Execution Region ER_IROM1 (Exec base: 0x08000000, Load base: 0x08000000, Size: 0x000045f0, Max: 0x00100000, ABSOLUTE)

    Exec Addr    Load Addr    Size         Type   Attr      Idx    E Section Name        Object

    0x08000000   0x08000000   0x00000188   Data   RO            3    RESET               startup_stm32f407xx.o
    0x08000188   0x08000188   0x00000000   Code   RO         3213  * .ARM.Collect$$$$00000000  mc_w.l(entry.o)
    0x08000188   0x08000188   0x00000004   Code   RO         3544    .ARM.Collect$$$$00000001  mc_w.l(entry2.o)
    0x0800018c   0x0800018c   0x00000004   Code   RO         3547    .ARM.Collect$$$$00000004  mc_w.l(entry5.o)
    0x08000190   0x08000190   0x00000000   Code   RO         3549    .ARM.Collect$$$$00000008  mc_w.l(entry7b.o)
    0x08000190   0x08000190   0x00000000   Code   RO         3551    .ARM.Collect$$$$0000000A  mc_w.l(entry8b.o)
    0x08000190   0x08000190   0x00000008   Code   RO         3552    .ARM.Collect$$$$0000000B  mc_w.l(entry9a.o)
    0x08000198   0x08000198   0x00000000   Code   RO         3554    .ARM.Collect$$$$0000000D  mc_w.l(entry10a.o)
    0x08000198   0x08000198   0x00000000   Code   RO         3556    .ARM.Collect$$$$0000000F  mc_w.l(entry11a.o)
    0x08000198   0x08000198   0x00000004   Code   RO         3545    .ARM.Collect$$$$00002712  mc_w.l(entry2.o)
    0x0800019c   0x0800019c   0x00000024   Code   RO            4    .text               startup_stm32f407xx.o
    0x080001c0   0x080001c0   0x00000062   Code   RO         3216    .text               mc_w.l(uldiv.o)
    0x08000222   0x08000222   0x00000024   Code   RO         3218    .text               mc_w.l(memcpya.o)
    0x08000246   0x08000246   0x0000000e   Code   RO         3220    .text               mc_w.l(strlen.o)
    0x08000254   0x08000254   0x0000002c   Code   RO         3493    .text               mf_w.l(ffltl.o)
    0x08000280   0x08000280   0x0000001e   Code   RO         3560    .text               mc_w.l(llshl.o)
    0x0800029e   0x0800029e   0x00000020   Code   RO         3562    .text               mc_w.l(llushr.o)
    0x080002be   0x080002be   0x00000000   Code   RO         3573    .text               mc_w.l(iusefp.o)
    0x080002be   0x080002be   0x0000006e   Code   RO         3574    .text               mf_w.l(fepilogue.o)
    0x0800032c   0x0800032c   0x00000024   Code   RO         3588    .text               mc_w.l(init.o)
    0x08000350   0x08000350   0x00000002   Code   RO         2969    i.BusFault_Handler  stm32f4xx_it.o
    0x08000352   0x08000352   0x00000002   PAD
    0x08000354   0x08000354   0x0000009c   Code   RO         2838    i.Calib_Home        main.o
    0x080003f0   0x080003f0   0x00000024   Code   RO         2738    i.CleanupDecoder    steppercommands.o
    0x08000414   0x08000414   0x0000000c   Code   RO         2970    i.DMA1_Stream2_IRQHandler  stm32f4xx_it.o
    0x08000420   0x08000420   0x0000000c   Code   RO         2971    i.DMA1_Stream4_IRQHandler  stm32f4xx_it.o
    0x0800042c   0x0800042c   0x0000002c   Code   RO         1860    i.DMA_CalcBaseAndBitshift  stm32f4xx_hal_dma.o
    0x08000458   0x08000458   0x00000078   Code   RO         1861    i.DMA_CheckFifoParam  stm32f4xx_hal_dma.o
    0x080004d0   0x080004d0   0x0000002a   Code   RO         1862    i.DMA_SetConfig     stm32f4xx_hal_dma.o
    0x080004fa   0x080004fa   0x00000002   Code   RO         2972    i.DebugMon_Handler  stm32f4xx_it.o
    0x080004fc   0x080004fc   0x00000034   Code   RO         2739    i.Decode            steppercommands.o
    0x08000530   0x08000530   0x000000bc   Code   RO         2740    i.DecodeCmd         steppercommands.o
    0x080005ec   0x080005ec   0x000000dc   Code   RO         2741    i.DecodeParam       steppercommands.o
    0x080006c8   0x080006c8   0x00000038   Code   RO         2742    i.DecodeStepper     steppercommands.o
    0x08000700   0x08000700   0x000000b4   Code   RO         2743    i.DecodeValue       steppercommands.o
    0x080007b4   0x080007b4   0x00000016   Code   RO         2446    i.DecrementSPS      steppercontroller.o
    0x080007ca   0x080007ca   0x00000016   Code   RO         2973    i.EXTI15_10_IRQHandler  stm32f4xx_it.o
    0x080007e0   0x080007e0   0x00000144   Code   RO         2447    i.ExecuteController  steppercontroller.o
    0x08000924   0x08000924   0x00000368   Code   RO         2744    i.ExecuteRequest    steppercommands.o
    0x08000c8c   0x08000c8c   0x00000050   Code   RO         1630    i.FLASH_Erase_Sector  stm32f4xx_hal_flash_ex.o
    0x08000cdc   0x08000cdc   0x00000020   Code   RO         1512    i.FLASH_Program_Byte  stm32f4xx_hal_flash.o
    0x08000cfc   0x08000cfc   0x00000028   Code   RO         1513    i.FLASH_Program_DoubleWord  stm32f4xx_hal_flash.o
    0x08000d24   0x08000d24   0x00000024   Code   RO         1514    i.FLASH_Program_HalfWord  stm32f4xx_hal_flash.o
    0x08000d48   0x08000d48   0x00000024   Code   RO         1515    i.FLASH_Program_Word  stm32f4xx_hal_flash.o
    0x08000d6c   0x08000d6c   0x00000068   Code   RO         1516    i.FLASH_SetErrorCode  stm32f4xx_hal_flash.o
    0x08000dd4   0x08000dd4   0x00000054   Code   RO         1517    i.FLASH_WaitForLastOperation  stm32f4xx_hal_flash.o
    0x08000e28   0x08000e28   0x00000036   Code   RO         2745    i.GetParamValue     steppercommands.o
    0x08000e5e   0x08000e5e   0x00000002   PAD
    0x08000e60   0x08000e60   0x00000030   Code   RO         2448    i.GetState          steppercontroller.o
    0x08000e90   0x08000e90   0x00000012   Code   RO         2449    i.GetStepDirectionUnit  steppercontroller.o
    0x08000ea2   0x08000ea2   0x00000028   Code   RO         2450    i.GetStepsToTarget  steppercontroller.o
    0x08000eca   0x08000eca   0x00000002   PAD
    0x08000ecc   0x08000ecc   0x00000030   Code   RO         2839    i.Grap_object       main.o
    0x08000efc   0x08000efc   0x00000024   Code   RO         1864    i.HAL_DMA_Abort_IT  stm32f4xx_hal_dma.o
    0x08000f20   0x08000f20   0x000001d0   Code   RO         1868    i.HAL_DMA_IRQHandler  stm32f4xx_hal_dma.o
    0x080010f0   0x080010f0   0x000000d4   Code   RO         1869    i.HAL_DMA_Init      stm32f4xx_hal_dma.o
    0x080011c4   0x080011c4   0x00000078   Code   RO         1873    i.HAL_DMA_Start_IT  stm32f4xx_hal_dma.o
    0x0800123c   0x0800123c   0x00000024   Code   RO         2282    i.HAL_Delay         stm32f4xx_hal.o
    0x08001260   0x08001260   0x00000014   Code   RO         1521    i.HAL_FLASH_Lock    stm32f4xx_hal_flash.o
    0x08001274   0x08001274   0x0000007c   Code   RO         1526    i.HAL_FLASH_Program  stm32f4xx_hal_flash.o
    0x080012f0   0x080012f0   0x0000002c   Code   RO         1528    i.HAL_FLASH_Unlock  stm32f4xx_hal_flash.o
    0x0800131c   0x0800131c   0x00000050   Code   RO         2840    i.HAL_GPIO_EXTI_Callback  main.o
    0x0800136c   0x0800136c   0x00000018   Code   RO         1755    i.HAL_GPIO_EXTI_IRQHandler  stm32f4xx_hal_gpio.o
    0x08001384   0x08001384   0x000001c4   Code   RO         1756    i.HAL_GPIO_Init     stm32f4xx_hal_gpio.o
    0x08001548   0x08001548   0x0000000e   Code   RO         1758    i.HAL_GPIO_ReadPin  stm32f4xx_hal_gpio.o
    0x08001556   0x08001556   0x0000000e   Code   RO         1760    i.HAL_GPIO_WritePin  stm32f4xx_hal_gpio.o
    0x08001564   0x08001564   0x0000000c   Code   RO         2288    i.HAL_GetTick       stm32f4xx_hal.o
    0x08001570   0x08001570   0x00000010   Code   RO         2292    i.HAL_IncTick       stm32f4xx_hal.o
    0x08001580   0x08001580   0x00000034   Code   RO         2293    i.HAL_Init          stm32f4xx_hal.o
    0x080015b4   0x080015b4   0x00000044   Code   RO         2294    i.HAL_InitTick      stm32f4xx_hal.o
    0x080015f8   0x080015f8   0x00000058   Code   RO         3093    i.HAL_MspInit       stm32f4xx_hal_msp.o
    0x08001650   0x08001650   0x00000016   Code   RO         2145    i.HAL_NVIC_EnableIRQ  stm32f4xx_hal_cortex.o
    0x08001666   0x08001666   0x00000002   PAD
    0x08001668   0x08001668   0x00000040   Code   RO         2151    i.HAL_NVIC_SetPriority  stm32f4xx_hal_cortex.o
    0x080016a8   0x080016a8   0x00000024   Code   RO         2152    i.HAL_NVIC_SetPriorityGrouping  stm32f4xx_hal_cortex.o
    0x080016cc   0x080016cc   0x00000144   Code   RO         1357    i.HAL_RCC_ClockConfig  stm32f4xx_hal_rcc.o
    0x08001810   0x08001810   0x0000000c   Code   RO         1362    i.HAL_RCC_GetHCLKFreq  stm32f4xx_hal_rcc.o
    0x0800181c   0x0800181c   0x00000020   Code   RO         1364    i.HAL_RCC_GetPCLK1Freq  stm32f4xx_hal_rcc.o
    0x0800183c   0x0800183c   0x00000020   Code   RO         1365    i.HAL_RCC_GetPCLK2Freq  stm32f4xx_hal_rcc.o
    0x0800185c   0x0800185c   0x00000068   Code   RO         1366    i.HAL_RCC_GetSysClockFreq  stm32f4xx_hal_rcc.o
    0x080018c4   0x080018c4   0x00000390   Code   RO         1369    i.HAL_RCC_OscConfig  stm32f4xx_hal_rcc.o
    0x08001c54   0x08001c54   0x0000001c   Code   RO         2154    i.HAL_SYSTICK_CLKSourceConfig  stm32f4xx_hal_cortex.o
    0x08001c70   0x08001c70   0x00000002   Code   RO         2155    i.HAL_SYSTICK_Callback  stm32f4xx_hal_cortex.o
    0x08001c72   0x08001c72   0x00000028   Code   RO         2156    i.HAL_SYSTICK_Config  stm32f4xx_hal_cortex.o
    0x08001c9a   0x08001c9a   0x00000008   Code   RO         2157    i.HAL_SYSTICK_IRQHandler  stm32f4xx_hal_cortex.o
    0x08001ca2   0x08001ca2   0x00000002   Code   RO          786    i.HAL_TIMEx_BreakCallback  stm32f4xx_hal_tim_ex.o
    0x08001ca4   0x08001ca4   0x00000002   Code   RO          787    i.HAL_TIMEx_CommutationCallback  stm32f4xx_hal_tim_ex.o
    0x08001ca6   0x08001ca6   0x00000050   Code   RO          803    i.HAL_TIMEx_MasterConfigSynchronization  stm32f4xx_hal_tim_ex.o
    0x08001cf6   0x08001cf6   0x00000038   Code   RO          143    i.HAL_TIM_Base_Init  stm32f4xx_hal_tim.o
    0x08001d2e   0x08001d2e   0x00000002   PAD
    0x08001d30   0x08001d30   0x000000e0   Code   RO         3095    i.HAL_TIM_Base_MspInit  stm32f4xx_hal_msp.o
    0x08001e10   0x08001e10   0x00000018   Code   RO          148    i.HAL_TIM_Base_Start_IT  stm32f4xx_hal_tim.o
    0x08001e28   0x08001e28   0x0000010e   Code   RO          152    i.HAL_TIM_ConfigClockSource  stm32f4xx_hal_tim.o
    0x08001f36   0x08001f36   0x00000002   Code   RO          172    i.HAL_TIM_IC_CaptureCallback  stm32f4xx_hal_tim.o
    0x08001f38   0x08001f38   0x0000016e   Code   RO          185    i.HAL_TIM_IRQHandler  stm32f4xx_hal_tim.o
    0x080020a6   0x080020a6   0x00000002   PAD
    0x080020a8   0x080020a8   0x00000098   Code   RO         3096    i.HAL_TIM_MspPostInit  stm32f4xx_hal_msp.o
    0x08002140   0x08002140   0x00000002   Code   RO          188    i.HAL_TIM_OC_DelayElapsedCallback  stm32f4xx_hal_tim.o
    0x08002142   0x08002142   0x000000da   Code   RO          209    i.HAL_TIM_PWM_ConfigChannel  stm32f4xx_hal_tim.o
    0x0800221c   0x0800221c   0x00000038   Code   RO          212    i.HAL_TIM_PWM_Init  stm32f4xx_hal_tim.o
    0x08002254   0x08002254   0x00000002   Code   RO          214    i.HAL_TIM_PWM_MspInit  stm32f4xx_hal_tim.o
    0x08002256   0x08002256   0x00000002   Code   RO          215    i.HAL_TIM_PWM_PulseFinishedCallback  stm32f4xx_hal_tim.o
    0x08002258   0x08002258   0x00000038   Code   RO          216    i.HAL_TIM_PWM_Start  stm32f4xx_hal_tim.o
    0x08002290   0x08002290   0x0000005c   Code   RO          219    i.HAL_TIM_PWM_Stop  stm32f4xx_hal_tim.o
    0x080022ec   0x080022ec   0x00000002   Code   RO          222    i.HAL_TIM_PeriodElapsedCallback  stm32f4xx_hal_tim.o
    0x080022ee   0x080022ee   0x00000002   Code   RO          226    i.HAL_TIM_TriggerCallback  stm32f4xx_hal_tim.o
    0x080022f0   0x080022f0   0x00000002   Code   RO         1046    i.HAL_UART_ErrorCallback  stm32f4xx_hal_uart.o
    0x080022f2   0x080022f2   0x00000002   PAD
    0x080022f4   0x080022f4   0x00000110   Code   RO         1049    i.HAL_UART_IRQHandler  stm32f4xx_hal_uart.o
    0x08002404   0x08002404   0x00000064   Code   RO         1050    i.HAL_UART_Init     stm32f4xx_hal_uart.o
    0x08002468   0x08002468   0x000000f4   Code   RO         3098    i.HAL_UART_MspInit  stm32f4xx_hal_msp.o
    0x0800255c   0x0800255c   0x0000009c   Code   RO         1054    i.HAL_UART_Receive_DMA  stm32f4xx_hal_uart.o
    0x080025f8   0x080025f8   0x00000044   Code   RO         2646    i.HAL_UART_RxCpltCallback  serial.o
    0x0800263c   0x0800263c   0x00000002   Code   RO         1057    i.HAL_UART_RxHalfCpltCallback  stm32f4xx_hal_uart.o
    0x0800263e   0x0800263e   0x00000002   PAD
    0x08002640   0x08002640   0x0000008c   Code   RO         1059    i.HAL_UART_Transmit_DMA  stm32f4xx_hal_uart.o
    0x080026cc   0x080026cc   0x0000006c   Code   RO         2647    i.HAL_UART_TxCpltCallback  serial.o
    0x08002738   0x08002738   0x00000002   Code   RO         1062    i.HAL_UART_TxHalfCpltCallback  stm32f4xx_hal_uart.o
    0x0800273a   0x0800273a   0x00000002   Code   RO         2974    i.HardFault_Handler  stm32f4xx_it.o
    0x0800273c   0x0800273c   0x00000016   Code   RO         2451    i.IncrementSPS      steppercontroller.o
    0x08002752   0x08002752   0x00000002   PAD
    0x08002754   0x08002754   0x0000003c   Code   RO         2841    i.MX_DMA_Init       main.o
    0x08002790   0x08002790   0x00000100   Code   RO         2842    i.MX_GPIO_Init      main.o
    0x08002890   0x08002890   0x000000b0   Code   RO         2843    i.MX_TIM12_Init     main.o
    0x08002940   0x08002940   0x00000044   Code   RO         2844    i.MX_TIM14_Init     main.o
    0x08002984   0x08002984   0x000000b4   Code   RO         2845    i.MX_TIM3_Init      main.o
    0x08002a38   0x08002a38   0x000000b4   Code   RO         2846    i.MX_TIM4_Init      main.o
    0x08002aec   0x08002aec   0x000000b4   Code   RO         2847    i.MX_TIM5_Init      main.o
    0x08002ba0   0x08002ba0   0x0000004c   Code   RO         2848    i.MX_UART4_Init     main.o
    0x08002bec   0x08002bec   0x00000002   Code   RO         2975    i.MemManage_Handler  stm32f4xx_it.o
    0x08002bee   0x08002bee   0x00000002   Code   RO         2976    i.NMI_Handler       stm32f4xx_it.o
    0x08002bf0   0x08002bf0   0x00000020   Code   RO         2158    i.NVIC_SetPriority  stm32f4xx_hal_cortex.o
    0x08002c10   0x08002c10   0x00000002   Code   RO         2977    i.PendSV_Handler    stm32f4xx_it.o
    0x08002c12   0x08002c12   0x00000002   PAD
    0x08002c14   0x08002c14   0x000000cc   Code   RO         2746    i.PrintStepperStatusStr  steppercommands.o
    0x08002ce0   0x08002ce0   0x00000002   Code   RO         2978    i.SVC_Handler       stm32f4xx_it.o
    0x08002ce2   0x08002ce2   0x00000002   PAD
    0x08002ce4   0x08002ce4   0x0000003c   Code   RO         2648    i.Serial_CheckRxTimeout  serial.o
    0x08002d20   0x08002d20   0x00000088   Code   RO         2649    i.Serial_ExecutePendingTransmits  serial.o
    0x08002da8   0x08002da8   0x00000038   Code   RO         2650    i.Serial_InitRxSequence  serial.o
    0x08002de0   0x08002de0   0x00000004   Code   RO         2747    i.Serial_RxCallback  steppercommands.o
    0x08002de4   0x08002de4   0x000000c0   Code   RO         2452    i.SetAccelerationByMinSPS  steppercontroller.o
    0x08002ea4   0x08002ea4   0x000000a0   Code   RO         2748    i.SetParamValue     steppercommands.o
    0x08002f44   0x08002f44   0x00000058   Code   RO         2453    i.SetStepTimerByCurrentSPS  steppercontroller.o
    0x08002f9c   0x08002f9c   0x0000008c   Code   RO         2849    i.Set_Home          main.o
    0x08003028   0x08003028   0x00000038   Code   RO         2850    i.Set_Orient        main.o
    0x08003060   0x08003060   0x0000002c   Code   RO         2454    i.Stepper_ExecuteAllControllers  steppercontroller.o
    0x0800308c   0x0800308c   0x00000010   Code   RO         2455    i.Stepper_GetAccPrescaler  steppercontroller.o
    0x0800309c   0x0800309c   0x00000010   Code   RO         2456    i.Stepper_GetAccSPS  steppercontroller.o
    0x080030ac   0x080030ac   0x00000010   Code   RO         2457    i.Stepper_GetCurrentPosition  steppercontroller.o
    0x080030bc   0x080030bc   0x00000010   Code   RO         2458    i.Stepper_GetCurrentSPS  steppercontroller.o
    0x080030cc   0x080030cc   0x00000010   Code   RO         2459    i.Stepper_GetMaxSPS  steppercontroller.o
    0x080030dc   0x080030dc   0x00000010   Code   RO         2460    i.Stepper_GetMinSPS  steppercontroller.o
    0x080030ec   0x080030ec   0x00000012   Code   RO         2461    i.Stepper_GetStatus  steppercontroller.o
    0x080030fe   0x080030fe   0x00000010   Code   RO         2462    i.Stepper_GetTargetPosition  steppercontroller.o
    0x0800310e   0x0800310e   0x00000002   PAD
    0x08003110   0x08003110   0x00000070   Code   RO         2463    i.Stepper_InitDefaultState  steppercontroller.o
    0x08003180   0x08003180   0x00000044   Code   RO         2464    i.Stepper_LoadConfig  steppercontroller.o
    0x080031c4   0x080031c4   0x000000b8   Code   RO         2465    i.Stepper_PulseTimerUpdate  steppercontroller.o
    0x0800327c   0x0800327c   0x00000080   Code   RO         2466    i.Stepper_SaveConfig  steppercontroller.o
    0x080032fc   0x080032fc   0x00000036   Code   RO         2467    i.Stepper_SetAccPrescaler  steppercontroller.o
    0x08003332   0x08003332   0x00000042   Code   RO         2468    i.Stepper_SetAccSPS  steppercontroller.o
    0x08003374   0x08003374   0x00000022   Code   RO         2469    i.Stepper_SetCurrentPosition  steppercontroller.o
    0x08003396   0x08003396   0x0000005e   Code   RO         2470    i.Stepper_SetMaxSPS  steppercontroller.o
    0x080033f4   0x080033f4   0x00000062   Code   RO         2471    i.Stepper_SetMinSPS  steppercontroller.o
    0x08003456   0x08003456   0x00000014   Code   RO         2472    i.Stepper_SetTargetPosition  steppercontroller.o
    0x0800346a   0x0800346a   0x00000002   PAD
    0x0800346c   0x0800346c   0x00000068   Code   RO         2473    i.Stepper_SetupPeripherals  steppercontroller.o
    0x080034d4   0x080034d4   0x0000000e   Code   RO         2979    i.SysTick_Handler   stm32f4xx_it.o
    0x080034e2   0x080034e2   0x00000002   PAD
    0x080034e4   0x080034e4   0x000000c0   Code   RO         2851    i.SystemClock_Config  main.o
    0x080035a4   0x080035a4   0x00000054   Code   RO           14    i.SystemInit        system_stm32f4xx_1.o
    0x080035f8   0x080035f8   0x0000002c   Code   RO         2980    i.TIM3_IRQHandler   stm32f4xx_it.o
    0x08003624   0x08003624   0x0000002c   Code   RO         2981    i.TIM4_IRQHandler   stm32f4xx_it.o
    0x08003650   0x08003650   0x0000002c   Code   RO         2982    i.TIM5_IRQHandler   stm32f4xx_it.o
    0x0800367c   0x0800367c   0x00000030   Code   RO         2983    i.TIM8_TRG_COM_TIM14_IRQHandler  stm32f4xx_it.o
    0x080036ac   0x080036ac   0x000000c4   Code   RO          227    i.TIM_Base_SetConfig  stm32f4xx_hal_tim.o
    0x08003770   0x08003770   0x00000016   Code   RO          228    i.TIM_CCxChannelCmd  stm32f4xx_hal_tim.o
    0x08003786   0x08003786   0x00000014   Code   RO          234    i.TIM_ETR_SetConfig  stm32f4xx_hal_tim.o
    0x0800379a   0x0800379a   0x00000010   Code   RO          235    i.TIM_ITRx_SetConfig  stm32f4xx_hal_tim.o
    0x080037aa   0x080037aa   0x00000002   PAD
    0x080037ac   0x080037ac   0x00000060   Code   RO          236    i.TIM_OC1_SetConfig  stm32f4xx_hal_tim.o
    0x0800380c   0x0800380c   0x0000006c   Code   RO          237    i.TIM_OC2_SetConfig  stm32f4xx_hal_tim.o
    0x08003878   0x08003878   0x00000068   Code   RO          238    i.TIM_OC3_SetConfig  stm32f4xx_hal_tim.o
    0x080038e0   0x080038e0   0x00000054   Code   RO          239    i.TIM_OC4_SetConfig  stm32f4xx_hal_tim.o
    0x08003934   0x08003934   0x00000022   Code   RO          241    i.TIM_TI1_ConfigInputStage  stm32f4xx_hal_tim.o
    0x08003956   0x08003956   0x00000024   Code   RO          243    i.TIM_TI2_ConfigInputStage  stm32f4xx_hal_tim.o
    0x0800397a   0x0800397a   0x00000002   PAD
    0x0800397c   0x0800397c   0x0000000c   Code   RO         2984    i.UART4_IRQHandler  stm32f4xx_it.o
    0x08003988   0x08003988   0x00000010   Code   RO         1063    i.UART_DMAAbortOnError  stm32f4xx_hal_uart.o
    0x08003998   0x08003998   0x0000004a   Code   RO         1064    i.UART_DMAError     stm32f4xx_hal_uart.o
    0x080039e2   0x080039e2   0x0000003c   Code   RO         1065    i.UART_DMAReceiveCplt  stm32f4xx_hal_uart.o
    0x08003a1e   0x08003a1e   0x0000000a   Code   RO         1067    i.UART_DMARxHalfCplt  stm32f4xx_hal_uart.o
    0x08003a28   0x08003a28   0x0000002e   Code   RO         1069    i.UART_DMATransmitCplt  stm32f4xx_hal_uart.o
    0x08003a56   0x08003a56   0x0000000a   Code   RO         1071    i.UART_DMATxHalfCplt  stm32f4xx_hal_uart.o
    0x08003a60   0x08003a60   0x0000001c   Code   RO         1073    i.UART_EndRxTransfer  stm32f4xx_hal_uart.o
    0x08003a7c   0x08003a7c   0x0000001a   Code   RO         1074    i.UART_EndTransmit_IT  stm32f4xx_hal_uart.o
    0x08003a96   0x08003a96   0x00000012   Code   RO         1075    i.UART_EndTxTransfer  stm32f4xx_hal_uart.o
    0x08003aa8   0x08003aa8   0x00000092   Code   RO         1076    i.UART_Receive_IT   stm32f4xx_hal_uart.o
    0x08003b3a   0x08003b3a   0x00000002   PAD
    0x08003b3c   0x08003b3c   0x00000314   Code   RO         1077    i.UART_SetConfig    stm32f4xx_hal_uart.o
    0x08003e50   0x08003e50   0x00000066   Code   RO         1078    i.UART_Transmit_IT  stm32f4xx_hal_uart.o
    0x08003eb6   0x08003eb6   0x00000002   Code   RO         2985    i.UsageFault_Handler  stm32f4xx_it.o
    0x08003eb8   0x08003eb8   0x00000002   Code   RO         2852    i._Error_Handler    main.o
    0x08003eba   0x08003eba   0x00000002   PAD
    0x08003ebc   0x08003ebc   0x00000020   Code   RO         3357    i.__0printf$5       mc_w.l(printf5.o)
    0x08003edc   0x08003edc   0x0000000e   Code   RO         3596    i.__scatterload_copy  mc_w.l(handlers.o)
    0x08003eea   0x08003eea   0x00000002   Code   RO         3597    i.__scatterload_null  mc_w.l(handlers.o)
    0x08003eec   0x08003eec   0x0000000e   Code   RO         3598    i.__scatterload_zeroinit  mc_w.l(handlers.o)
    0x08003efa   0x08003efa   0x00000002   PAD
    0x08003efc   0x08003efc   0x000002c0   Code   RO         3364    i._printf_core      mc_w.l(printf5.o)
    0x080041bc   0x080041bc   0x00000048   Code   RO         2655    i.fputc             serial.o
    0x08004204   0x08004204   0x000002cc   Code   RO         2854    i.main              main.o
    0x080044d0   0x080044d0   0x00000010   Data   RO           15    .constdata          system_stm32f4xx_1.o
    0x080044e0   0x080044e0   0x00000008   Data   RO           16    .constdata          system_stm32f4xx_1.o
    0x080044e8   0x080044e8   0x00000008   Data   RO         1875    .constdata          stm32f4xx_hal_dma.o
    0x080044f0   0x080044f0   0x00000018   Data   RO         2859    .constdata          main.o
    0x08004508   0x08004508   0x0000001b   Data   RO         2657    .conststring        serial.o
    0x08004523   0x08004523   0x00000001   PAD
    0x08004524   0x08004524   0x000000ac   Data   RO         2750    .conststring        steppercommands.o
    0x080045d0   0x080045d0   0x00000020   Data   RO         3594    Region$$Table       anon$$obj.o


    Execution Region RW_IRAM1 (Exec base: 0x20000000, Load base: 0x080045f0, Size: 0x00002978, Max: 0x00020000, ABSOLUTE)

    Exec Addr    Load Addr    Size         Type   Attr      Idx    E Section Name        Object

    0x20000000   0x080045f0   0x00000004   Data   RW           17    .data               system_stm32f4xx_1.o
    0x20000004   0x080045f4   0x0000000c   Data   RW         2300    .data               stm32f4xx_hal.o
    0x20000010   0x08004600   0x00000004   Data   RW         2475    .data               steppercontroller.o
    0x20000014   0x08004604   0x0000001c   Data   RW         2658    .data               serial.o
    0x20000030   0x08004620   0x00000004   Data   RW         2659    .data               serial.o
    0x20000034   0x08004624   0x00000060   Data   RW         2751    .data               steppercommands.o
    0x20000094   0x08004684   0x00000020   Data   RW         2860    .data               main.o
    0x200000b4        -       0x00000020   Zero   RW         1529    .bss                stm32f4xx_hal_flash.o
    0x200000d4        -       0x00000258   Zero   RW         2474    .bss                steppercontroller.o
    0x2000032c        -       0x00002000   Zero   RW         2656    .bss                serial.o
    0x2000232c   0x080046a4   0x00000004   PAD
    0x20002330        -       0x00000018   Zero   RW         2749    .bss                steppercommands.o
    0x20002348        -       0x0000016c   Zero   RW         2855    .bss                main.o
    0x200024b4        -       0x00000060   Zero   RW         2856    .bss                main.o
    0x20002514        -       0x00000060   Zero   RW         2857    .bss                main.o
    0x20002574   0x080046a4   0x00000004   PAD
    0x20002578        -       0x00000400   Zero   RW            1    STACK               startup_stm32f407xx.o


==============================================================================

Image component sizes


      Code (inc. data)   RO Data    RW Data    ZI Data      Debug   Object Name

      2566        550         24         32        556      11652   main.o
       500         78         27         32       8192       6164   serial.o
        36          8        392          0       1024        828   startup_stm32f407xx.o
      2026        486        172         96         24      10972   steppercommands.o
      1890        126          0          4        600      21726   steppercontroller.o
       184         28          0         12          0       4537   stm32f4xx_hal.o
       232         14          0          0          0      32181   stm32f4xx_hal_cortex.o
      1038         14          8          0          0       6618   stm32f4xx_hal_dma.o
       520         66          0          0         32       6034   stm32f4xx_hal_flash.o
        80          4          0          0          0        737   stm32f4xx_hal_flash_ex.o
       504         52          0          0          0       3782   stm32f4xx_hal_gpio.o
       708        108          0          0          0       3336   stm32f4xx_hal_msp.o
      1416         68          0          0          0       6156   stm32f4xx_hal_rcc.o
      1866         96          0          0          0      17575   stm32f4xx_hal_tim.o
        84          0          0          0          0       2354   stm32f4xx_hal_tim_ex.o
      1998         40          0          0          0      13510   stm32f4xx_hal_uart.o
       268         36          0          0          0       8062   stm32f4xx_it.o
        84         18         24          4          0     682287   system_stm32f4xx_1.o

    ----------------------------------------------------------------------
     16036       1792        680        180      10436     838511   Object Totals
         0          0         32          0          0          0   (incl. Generated)
        36          0          1          0          8          0   (incl. Padding)

    ----------------------------------------------------------------------

      Code (inc. data)   RO Data    RW Data    ZI Data      Debug   Library Member Name

         0          0          0          0          0          0   entry.o
         0          0          0          0          0          0   entry10a.o
         0          0          0          0          0          0   entry11a.o
         8          4          0          0          0          0   entry2.o
         4          0          0          0          0          0   entry5.o
         0          0          0          0          0          0   entry7b.o
         0          0          0          0          0          0   entry8b.o
         8          4          0          0          0          0   entry9a.o
        30          0          0          0          0          0   handlers.o
        36          8          0          0          0         68   init.o
         0          0          0          0          0          0   iusefp.o
        30          0          0          0          0         68   llshl.o
        32          0          0          0          0         68   llushr.o
        36          0          0          0          0         68   memcpya.o
       736         56          0          0          0        184   printf5.o
        14          0          0          0          0         68   strlen.o
        98          0          0          0          0         92   uldiv.o
       110          0          0          0          0        168   fepilogue.o
        44          0          0          0          0         92   ffltl.o

    ----------------------------------------------------------------------
      1188         72          0          0          0        876   Library Totals
         2          0          0          0          0          0   (incl. Padding)

    ----------------------------------------------------------------------

      Code (inc. data)   RO Data    RW Data    ZI Data      Debug   Library Name

      1032         72          0          0          0        616   mc_w.l
       154          0          0          0          0        260   mf_w.l

    ----------------------------------------------------------------------
      1188         72          0          0          0        876   Library Totals

    ----------------------------------------------------------------------

==============================================================================


      Code (inc. data)   RO Data    RW Data    ZI Data      Debug   

     17224       1864        680        180      10436     823179   Grand Totals
     17224       1864        680        180      10436     823179   ELF Image Totals
     17224       1864        680        180          0          0   ROM Totals

==============================================================================

    Total RO  Size (Code + RO Data)                17904 (  17.48kB)
    Total RW  Size (RW Data + ZI Data)             10616 (  10.37kB)
    Total ROM Size (Code + RO Data + RW Data)      18084 (  17.66kB)

==============================================================================

